Component: ARM Compiler 5.06 update 4 (build 422) Tool: armlink [4d35d2]

==============================================================================

Section Cross References

    main.o(i.HAL_TIM_PeriodElapsedCallback) refers to _printf_percent.o(.ARM.Collect$$_printf_percent$$00000000) for _printf_percent
    main.o(i.HAL_TIM_PeriodElapsedCallback) refers to _printf_d.o(.ARM.Collect$$_printf_percent$$00000009) for _printf_d
    main.o(i.HAL_TIM_PeriodElapsedCallback) refers to _printf_dec.o(.text) for _printf_int_dec
    main.o(i.HAL_TIM_PeriodElapsedCallback) refers to noretval__2printf.o(.text) for __2printf
    main.o(i.HAL_TIM_PeriodElapsedCallback) refers to stm32f4xx_hal_rtc.o(i.HAL_RTC_GetTime) for HAL_RTC_GetTime
    main.o(i.HAL_TIM_PeriodElapsedCallback) refers to stm32f4xx_hal_rtc.o(i.HAL_RTC_GetDate) for HAL_RTC_GetDate
    main.o(i.HAL_TIM_PeriodElapsedCallback) refers to smg.o(i.LED_Write_Data) for LED_Write_Data
    main.o(i.HAL_TIM_PeriodElapsedCallback) refers to smg.o(i.LED_Refresh) for LED_Refresh
    main.o(i.HAL_TIM_PeriodElapsedCallback) refers to dht11.o(i.DHT11_Read_Data) for DHT11_Read_Data
    main.o(i.HAL_TIM_PeriodElapsedCallback) refers to timer.o(.bss) for TIM3_Handler
    main.o(i.HAL_TIM_PeriodElapsedCallback) refers to main.o(.data) for mode
    main.o(i.HAL_TIM_PeriodElapsedCallback) refers to main.o(.bss) for RTC_TimeStruct
    main.o(i.HAL_TIM_PeriodElapsedCallback) refers to rtc.o(.bss) for RTC_Handler
    main.o(i.main) refers to _printf_percent.o(.ARM.Collect$$_printf_percent$$00000000) for _printf_percent
    main.o(i.main) refers to _printf_d.o(.ARM.Collect$$_printf_percent$$00000009) for _printf_d
    main.o(i.main) refers to _printf_dec.o(.text) for _printf_int_dec
    main.o(i.main) refers to stm32f4xx_hal.o(i.HAL_Init) for HAL_Init
    main.o(i.main) refers to sys.o(i.Stm32_Clock_Init) for Stm32_Clock_Init
    main.o(i.main) refers to delay.o(i.delay_init) for delay_init
    main.o(i.main) refers to usart.o(i.uart_init) for uart_init
    main.o(i.main) refers to led.o(i.LED_Init) for LED_Init
    main.o(i.main) refers to smg.o(i.LED_SMG_Init) for LED_SMG_Init
    main.o(i.main) refers to timer.o(i.TIM3_Init) for TIM3_Init
    main.o(i.main) refers to key.o(i.KEY_Init) for KEY_Init
    main.o(i.main) refers to beep.o(i.BEEP_Init) for BEEP_Init
    main.o(i.main) refers to noretval__2printf.o(.text) for __2printf
    main.o(i.main) refers to delay.o(i.delay_ms) for delay_ms
    main.o(i.main) refers to rtc.o(i.RTC_Init) for RTC_Init
    main.o(i.main) refers to rtc.o(i.RTC_Set_WakeUp) for RTC_Set_WakeUp
    main.o(i.main) refers to dht11.o(i.DHT11_Init) for DHT11_Init
    main.o(i.main) refers to key.o(i.KEY_Scan) for KEY_Scan
    main.o(i.main) refers to rtc.o(i.RTC_Set_Time) for RTC_Set_Time
    main.o(i.main) refers to usmart_config.o(.data) for usmart_dev
    main.o(i.main) refers to main.o(.data) for mode
    main.o(i.main) refers to main.o(.bss) for RTC_TimeStruct
    main.o(i.main) refers to smg.o(i.LED_Write_Data) for LED_Write_Data
    main.o(i.main) refers to smg.o(i.LED_Refresh) for LED_Refresh
    main.o(i.main) refers to stm32f4xx_hal_gpio.o(i.HAL_GPIO_WritePin) for HAL_GPIO_WritePin
    stm32f4xx_it.o(i.SysTick_Handler) refers to stm32f4xx_hal.o(i.HAL_IncTick) for HAL_IncTick
    system_stm32f4xx.o(i.SystemCoreClockUpdate) refers to system_stm32f4xx.o(.data) for SystemCoreClock
    system_stm32f4xx.o(i.SystemCoreClockUpdate) refers to system_stm32f4xx.o(.constdata) for AHBPrescTable
    led.o(i.LED_Init) refers to stm32f4xx_hal_gpio.o(i.HAL_GPIO_WritePin) for HAL_GPIO_WritePin
    led.o(i.LED_Init) refers to stm32f4xx_hal_gpio.o(i.HAL_GPIO_Init) for HAL_GPIO_Init
    timer.o(i.HAL_TIM_Base_MspInit) refers to stm32f4xx_hal_cortex.o(i.HAL_NVIC_SetPriority) for HAL_NVIC_SetPriority
    timer.o(i.HAL_TIM_Base_MspInit) refers to stm32f4xx_hal_cortex.o(i.HAL_NVIC_EnableIRQ) for HAL_NVIC_EnableIRQ
    timer.o(i.TIM3_IRQHandler) refers to stm32f4xx_hal_tim.o(i.HAL_TIM_IRQHandler) for HAL_TIM_IRQHandler
    timer.o(i.TIM3_IRQHandler) refers to timer.o(.bss) for TIM3_Handler
    timer.o(i.TIM3_Init) refers to stm32f4xx_hal_tim.o(i.HAL_TIM_Base_Init) for HAL_TIM_Base_Init
    timer.o(i.TIM3_Init) refers to stm32f4xx_hal_tim.o(i.HAL_TIM_Base_Start_IT) for HAL_TIM_Base_Start_IT
    timer.o(i.TIM3_Init) refers to timer.o(.bss) for TIM3_Handler
    smg.o(i.LED_Refresh) refers to delay.o(i.delay_us) for delay_us
    smg.o(i.LED_SMG_Init) refers to stm32f4xx_hal_gpio.o(i.HAL_GPIO_Init) for HAL_GPIO_Init
    smg.o(i.LED_SMG_Init) refers to stm32f4xx_hal_gpio.o(i.HAL_GPIO_WritePin) for HAL_GPIO_WritePin
    smg.o(i.LED_Write_Data) refers to delay.o(i.delay_us) for delay_us
    smg.o(i.LED_Write_Data) refers to smg.o(i.LED_Wei) for LED_Wei
    rtc.o(i.DHT) refers to main.o(.data) for te
    rtc.o(i.HAL_RTC_AlarmAEventCallback) refers to noretval__2printf.o(.text) for __2printf
[...]
    .ARM.Collect$$_printf_percent$$00000017  0x0800026a   Section        4  _printf_percent_end.o(.ARM.Collect$$_printf_percent$$00000017)
    .ARM.Collect$$libinit$$00000000          0x0800026e   Section        2  libinit.o(.ARM.Collect$$libinit$$00000000)
    .ARM.Collect$$libinit$$00000001          0x08000270   Section        4  libinit2.o(.ARM.Collect$$libinit$$00000001)
    .ARM.Collect$$libinit$$00000004          0x08000274   Section        0  libinit2.o(.ARM.Collect$$libinit$$00000004)
    .ARM.Collect$$libinit$$0000000A          0x08000274   Section        0  libinit2.o(.ARM.Collect$$libinit$$0000000A)
    .ARM.Collect$$libinit$$0000000C          0x08000274   Section        0  libinit2.o(.ARM.Collect$$libinit$$0000000C)
    .ARM.Collect$$libinit$$0000000E          0x08000274   Section        0  libinit2.o(.ARM.Collect$$libinit$$0000000E)
    .ARM.Collect$$libinit$$00000011          0x08000274   Section        0  libinit2.o(.ARM.Collect$$libinit$$00000011)
    .ARM.Collect$$libinit$$00000013          0x08000274   Section        0  libinit2.o(.ARM.Collect$$libinit$$00000013)
    .ARM.Collect$$libinit$$00000015          0x08000274   Section        0  libinit2.o(.ARM.Collect$$libinit$$00000015)
    .ARM.Collect$$libinit$$00000017          0x08000274   Section        0  libinit2.o(.ARM.Collect$$libinit$$00000017)
    .ARM.Collect$$libinit$$00000019          0x08000274   Section        0  libinit2.o(.ARM.Collect$$libinit$$00000019)
    .ARM.Collect$$libinit$$0000001B          0x08000274   Section        0  libinit2.o(.ARM.Collect$$libinit$$0000001B)
    .ARM.Collect$$libinit$$0000001D          0x08000274   Section        0  libinit2.o(.ARM.Collect$$libinit$$0000001D)
    .ARM.Collect$$libinit$$0000001F          0x08000274   Section        0  libinit2.o(.ARM.Collect$$libinit$$0000001F)
    .ARM.Collect$$libinit$$00000021          0x08000274   Section        0  libinit2.o(.ARM.Collect$$libinit$$00000021)
    .ARM.Collect$$libinit$$00000023          0x08000274   Section        0  libinit2.o(.ARM.Collect$$libinit$$00000023)
    .ARM.Collect$$libinit$$00000025          0x08000274   Section        0  libinit2.o(.ARM.Collect$$libinit$$00000025)
    .ARM.Collect$$libinit$$0000002C          0x08000274   Section        0  libinit2.o(.ARM.Collect$$libinit$$0000002C)
    .ARM.Collect$$libinit$$0000002E          0x08000274   Section        0  libinit2.o(.ARM.Collect$$libinit$$0000002E)
    .ARM.Collect$$libinit$$00000030          0x08000274   Section        0  libinit2.o(.ARM.Collect$$libinit$$00000030)
    .ARM.Collect$$libinit$$00000032          0x08000274   Section        0  libinit2.o(.ARM.Collect$$libinit$$00000032)
    .ARM.Collect$$libinit$$00000033          0x08000274   Section        2  libinit2.o(.ARM.Collect$$libinit$$00000033)
    .ARM.Collect$$libshutdown$$00000000      0x08000276   Section        2  libshutdown.o(.ARM.Collect$$libshutdown$$00000000)
    .ARM.Collect$$libshutdown$$00000002      0x08000278   Section        0  libshutdown2.o(.ARM.Collect$$libshutdown$$00000002)
    .ARM.Collect$$libshutdown$$00000004      0x08000278   Section        0  libshutdown2.o(.ARM.Collect$$libshutdown$$00000004)
    .ARM.Collect$$libshutdown$$00000007      0x08000278   Section        0  libshutdown2.o(.ARM.Collect$$libshutdown$$00000007)
    .ARM.Collect$$libshutdown$$0000000A      0x08000278   Section        0  libshutdown2.o(.ARM.Collect$$libshutdown$$0000000A)
    .ARM.Collect$$libshutdown$$0000000C      0x08000278   Section        0  libshutdown2.o(.ARM.Collect$$libshutdown$$0000000C)
    .ARM.Collect$$libshutdown$$0000000F      0x08000278   Section        0  libshutdown2.o(.ARM.Collect$$libshutdown$$0000000F)
    .ARM.Collect$$libshutdown$$00000010      0x08000278   Section        2  libshutdown2.o(.ARM.Collect$$libshutdown$$00000010)
    .ARM.Collect$$rtentry$$00000000          0x0800027a   Section        0  __rtentry.o(.ARM.Collect$$rtentry$$00000000)
    .ARM.Collect$$rtentry$$00000002          0x0800027a   Section        0  __rtentry2.o(.ARM.Collect$$rtentry$$00000002)
    .ARM.Collect$$rtentry$$00000004          0x0800027a   Section        6  __rtentry4.o(.ARM.Collect$$rtentry$$00000004)
    .ARM.Collect$$rtentry$$00000009          0x08000280   Section        0  __rtentry2.o(.ARM.Collect$$rtentry$$00000009)
    .ARM.Collect$$rtentry$$0000000A          0x08000280   Section        4  __rtentry2.o(.ARM.Collect$$rtentry$$0000000A)
    .ARM.Collect$$rtentry$$0000000C          0x08000284   Section        0  __rtentry2.o(.ARM.Collect$$rtentry$$0000000C)
    .ARM.Collect$$rtentry$$0000000D          0x08000284   Section        8  __rtentry2.o(.ARM.Collect$$rtentry$$0000000D)
    .ARM.Collect$$rtexit$$00000000           0x0800028c   Section        2  rtexit.o(.ARM.Collect$$rtexit$$00000000)
    .ARM.Collect$$rtexit$$00000002           0x0800028e   Section        0  rtexit2.o(.ARM.Collect$$rtexit$$00000002)
    .ARM.Collect$$rtexit$$00000003           0x0800028e   Section        4  rtexit2.o(.ARM.Collect$$rtexit$$00000003)
    .ARM.Collect$$rtexit$$00000004           0x08000292   Section        6  rtexit2.o(.ARM.Collect$$rtexit$$00000004)
    .text                                    0x08000298   Section       64  startup_stm32f411xe.o(.text)
    $v0                                      0x08000298   Number         0  startup_stm32f411xe.o(.text)
    .text                                    0x080002d8   Section        2  use_no_semi_2.o(.text)
    .text                                    0x080002da   Section      238  lludivv7m.o(.text)
    .text                                    0x080003c8   Section        0  noretval__2printf.o(.text)
    .text                                    0x080003e0   Section        0  _printf_pad.o(.text)
    .text                                    0x0800042e   Section        0  _printf_str.o(.text)
    .text                                    0x08000480   Section        0  _printf_dec.o(.text)
    .text                                    0x080004f8   Section        0  _printf_hex_int.o(.text)
    .text                                    0x08000550   Section        0  __printf_flags_ss_wp.o(.text)
    .text                                    0x080006d8   Section        0  heapauxi.o(.text)
    .text                                    0x080006de   Section        2  use_no_semi.o(.text)
    .text                                    0x080006e0   Section        0  _printf_intcommon.o(.text)
    .text                                    0x08000792   Section        0  _printf_char.o(.text)
    .text                                    0x080007c0   Section        0  _printf_char_file.o(.text)
    .text                                    0x080007e4   Section        0  _printf_char_common.o(.text)
    _printf_input_char                       0x080007e5   Thumb Code    10  _printf_char_common.o(.text)
    .text                                    0x08000814   Section        0  ferror.o(.text)
    .text                                    0x0800081c   Section       74  sys_stackheap_outer.o(.text)
    .text                                    0x08000866   Section        0  exit.o(.text)
    .text                                    0x08000878   Section        8  libspace.o(.text)
    i.BEEP_Init                              0x08000880   Section        0  beep.o(i.BEEP_Init)
    i.BusFault_Handler                       0x080008d0   Section        0  stm32f4xx_it.o(i.BusFault_Handler)
    i.DHT                                    0x080008d4   Section        0  rtc.o(i.DHT)
    i.DHT11_Check                            0x080008e8   Section        0  dht11.o(i.DHT11_Check)
    i.DHT11_Init                             0x08000948   Section        0  dht11.o(i.DHT11_Init)
    i.DHT11_Read_Bit                         0x08000998   Section        0  dht11.o(i.DHT11_Read_Bit)
    i.DHT11_Read_Byte                        0x080009e4   Section        0  dht11.o(i.DHT11_Read_Byte)
    i.DHT11_Read_Data                        0x08000a02   Section        0  dht11.o(i.DHT11_Read_Data)
    i.DHT11_Rst                              0x08000a5c   Section        0  dht11.o(i.DHT11_Rst)
    i.DebugMon_Handler                       0x08000a9c   Section        0  stm32f4xx_it.o(i.DebugMon_Handler)
    i.HAL_DMA_Abort_IT                       0x08000a9e   Section        0  stm32f4xx_hal_dma.o(i.HAL_DMA_Abort_IT)
    i.HAL_GPIO_Init                          0x08000ac8   Section        0  stm32f4xx_hal_gpio.o(i.HAL_GPIO_Init)
    i.HAL_GPIO_ReadPin                       0x08000c9c   Section        0  stm32f4xx_hal_gpio.o(i.HAL_GPIO_ReadPin)
    i.HAL_GPIO_WritePin                      0x08000cac   Section        0  stm32f4xx_hal_gpio.o(i.HAL_GPIO_WritePin)
    i.HAL_GetTick                            0x08000cb8   Section        0  stm32f4xx_hal.o(i.HAL_GetTick)
    i.HAL_IncTick                            0x08000cc4   Section        0  stm32f4xx_hal.o(i.HAL_IncTick)
    i.HAL_Init                               0x08000cdc   Section        0  stm32f4xx_hal.o(i.HAL_Init)
    i.HAL_InitTick                           0x08000d18   Section        0  stm32f4xx_hal.o(i.HAL_InitTick)
    i.HAL_MspInit                            0x08000d64   Section        0  stm32f4xx_hal_msp.o(i.HAL_MspInit)
    i.HAL_NVIC_EnableIRQ                     0x08000d66   Section        0  stm32f4xx_hal_cortex.o(i.HAL_NVIC_EnableIRQ)
    i.HAL_NVIC_SetPriority                   0x08000d80   Section        0  stm32f4xx_hal_cortex.o(i.HAL_NVIC_SetPriority)
    i.HAL_NVIC_SetPriorityGrouping           0x08000dfc   Section        0  stm32f4xx_hal_cortex.o(i.HAL_NVIC_SetPriorityGrouping)
    i.HAL_PWR_EnableBkUpAccess               0x08000e24   Section        0  stm32f4xx_hal_pwr.o(i.HAL_PWR_EnableBkUpAccess)
    i.HAL_RCCEx_PeriphCLKConfig              0x08000e30   Section        0  stm32f4xx_hal_rcc_ex.o(i.HAL_RCCEx_PeriphCLKConfig)
    i.HAL_RCC_ClockConfig                    0x08000fe8   Section        0  stm32f4xx_hal_rcc.o(i.HAL_RCC_ClockConfig)
    i.HAL_RCC_GetHCLKFreq                    0x08001168   Section        0  stm32f4xx_hal_rcc.o(i.HAL_RCC_GetHCLKFreq)
    i.HAL_RCC_GetPCLK1Freq                   0x08001174   Section        0  stm32f4xx_hal_rcc.o(i.HAL_RCC_GetPCLK1Freq)
    i.HAL_RCC_GetPCLK2Freq                   0x08001194   Section        0  stm32f4xx_hal_rcc.o(i.HAL_RCC_GetPCLK2Freq)
    i.HAL_RCC_GetSysClockFreq                0x080011b4   Section        0  stm32f4xx_hal_rcc.o(i.HAL_RCC_GetSysClockFreq)
    i.HAL_RCC_OscConfig                      0x08001264   Section        0  stm32f4xx_hal_rcc.o(i.HAL_RCC_OscConfig)
    i.HAL_RTCEx_AlarmBEventCallback          0x080016ac   Section        0  stm32f4xx_hal_rtc_ex.o(i.HAL_RTCEx_AlarmBEventCallback)
    i.HAL_RTCEx_BKUPRead                     0x080016ae   Section        0  stm32f4xx_hal_rtc_ex.o(i.HAL_RTCEx_BKUPRead)
    i.HAL_RTCEx_BKUPWrite                    0x080016c0   Section        0  stm32f4xx_hal_rtc_ex.o(i.HAL_RTCEx_BKUPWrite)
    i.HAL_RTCEx_SetWakeUpTimer_IT            0x080016d4   Section        0  stm32f4xx_hal_rtc_ex.o(i.HAL_RTCEx_SetWakeUpTimer_IT)
    i.HAL_RTCEx_WakeUpTimerEventCallback     0x08001818   Section        0  rtc.o(i.HAL_RTCEx_WakeUpTimerEventCallback)
    i.HAL_RTCEx_WakeUpTimerIRQHandler        0x0800181c   Section        0  stm32f4xx_hal_rtc_ex.o(i.HAL_RTCEx_WakeUpTimerIRQHandler)
    i.HAL_RTC_AlarmAEventCallback            0x0800185c   Section        0  rtc.o(i.HAL_RTC_AlarmAEventCallback)
    i.HAL_RTC_AlarmIRQHandler                0x08001874   Section        0  stm32f4xx_hal_rtc.o(i.HAL_RTC_AlarmIRQHandler)
    i.HAL_RTC_GetDate                        0x080018e0   Section        0  stm32f4xx_hal_rtc.o(i.HAL_RTC_GetDate)
    i.HAL_RTC_GetTime                        0x0800192c   Section        0  stm32f4xx_hal_rtc.o(i.HAL_RTC_GetTime)
    i.HAL_RTC_Init                           0x0800198c   Section        0  stm32f4xx_hal_rtc.o(i.HAL_RTC_Init)
    i.HAL_RTC_MspInit                        0x08001a64   Section        0  rtc.o(i.HAL_RTC_MspInit)
    i.HAL_RTC_SetAlarm_IT                    0x08001ac0   Section        0  stm32f4xx_hal_rtc.o(i.HAL_RTC_SetAlarm_IT)
    i.HAL_RTC_SetDate                        0x08001ce4   Section        0  stm32f4xx_hal_rtc.o(i.HAL_RTC_SetDate)
    i.HAL_RTC_SetTime                        0x08001de8   Section        0  stm32f4xx_hal_rtc.o(i.HAL_RTC_SetTime)
    i.HAL_RTC_WaitForSynchro                 0x08001f1c   Section        0  stm32f4xx_hal_rtc.o(i.HAL_RTC_WaitForSynchro)
    i.HAL_SYSTICK_CLKSourceConfig            0x08001f56   Section        0  stm32f4xx_hal_cortex.o(i.HAL_SYSTICK_CLKSourceConfig)
    i.HAL_SYSTICK_Config                     0x08001f7e   Section        0  stm32f4xx_hal_cortex.o(i.HAL_SYSTICK_Config)
    i.HAL_TIMEx_BreakCallback                0x08001fb2   Section        0  stm32f4xx_hal_tim_ex.o(i.HAL_TIMEx_BreakCallback)
    i.HAL_TIMEx_CommutationCallback          0x08001fb4   Section        0  stm32f4xx_hal_tim_ex.o(i.HAL_TIMEx_CommutationCallback)
    i.HAL_TIM_Base_Init                      0x08001fb6   Section        0  stm32f4xx_hal_tim.o(i.HAL_TIM_Base_Init)
    i.HAL_TIM_Base_MspInit                   0x08001fec   Section        0  timer.o(i.HAL_TIM_Base_MspInit)
    i.HAL_TIM_Base_Start_IT                  0x08002034   Section        0  stm32f4xx_hal_tim.o(i.HAL_TIM_Base_Start_IT)
    i.HAL_TIM_IC_CaptureCallback             0x08002052   Section        0  stm32f4xx_hal_tim.o(i.HAL_TIM_IC_CaptureCallback)
    i.HAL_TIM_IRQHandler                     0x08002054   Section        0  stm32f4xx_hal_tim.o(i.HAL_TIM_IRQHandler)
    i.HAL_TIM_OC_DelayElapsedCallback        0x080021ea   Section        0  stm32f4xx_hal_tim.o(i.HAL_TIM_OC_DelayElapsedCallback)
    i.HAL_TIM_PWM_PulseFinishedCallback      0x080021ec   Section        0  stm32f4xx_hal_tim.o(i.HAL_TIM_PWM_PulseFinishedCallback)
    i.HAL_TIM_PeriodElapsedCallback          0x080021f0   Section        0  main.o(i.HAL_TIM_PeriodElapsedCallback)
    i.HAL_TIM_TriggerCallback                0x080025a8   Section        0  stm32f4xx_hal_tim.o(i.HAL_TIM_TriggerCallback)
    i.HAL_UART_ErrorCallback                 0x080025aa   Section        0  stm32f4xx_hal_uart.o(i.HAL_UART_ErrorCallback)
    i.HAL_UART_GetState                      0x080025ac   Section        0  stm32f4xx_hal_uart.o(i.HAL_UART_GetState)
    i.HAL_UART_IRQHandler                    0x080025c0   Section        0  stm32f4xx_hal_uart.o(i.HAL_UART_IRQHandler)
    i.HAL_UART_Init                          0x0800270c   Section        0  stm32f4xx_hal_uart.o(i.HAL_UART_Init)
    i.HAL_UART_MspInit                       0x08002780   Section        0  usart.o(i.HAL_UART_MspInit)
    i.HAL_UART_Receive_IT                    0x0800281c   Section        0  stm32f4xx_hal_uart.o(i.HAL_UART_Receive_IT)
    i.HAL_UART_RxCpltCallback                0x08002880   Section        0  usart.o(i.HAL_UART_RxCpltCallback)
    i.HAL_UART_TxCpltCallback                0x08002908   Section        0  stm32f4xx_hal_uart.o(i.HAL_UART_TxCpltCallback)
    i.HardFault_Handler                      0x0800290a   Section        0  stm32f4xx_it.o(i.HardFault_Handler)
    i.KEY_Init                               0x08002910   Section        0  key.o(i.KEY_Init)
    i.KEY_Scan                               0x080029c4   Section        0  key.o(i.KEY_Scan)
    i.LED_Init                               0x08002a9c   Section        0  led.o(i.LED_Init)
    i.LED_Refresh                            0x08002aec   Section        0  smg.o(i.LED_Refresh)
    i.LED_SMG_Init                           0x08002b0c   Section        0  smg.o(i.LED_SMG_Init)
    i.LED_Wei                                0x08002bc4   Section        0  smg.o(i.LED_Wei)
    i.LED_Write_Data                         0x08002bec   Section        0  smg.o(i.LED_Write_Data)
    i.MemManage_Handler                      0x08002c30   Section        0  stm32f4xx_it.o(i.MemManage_Handler)
    i.NMI_Handler                            0x08002c34   Section        0  stm32f4xx_it.o(i.NMI_Handler)
    i.NVIC_GetPriorityGrouping               0x08002c38   Section        0  stm32f4xx_hal_cortex.o(i.NVIC_GetPriorityGrouping)
    NVIC_GetPriorityGrouping                 0x08002c39   Thumb Code    10  stm32f4xx_hal_cortex.o(i.NVIC_GetPriorityGrouping)
    i.NVIC_SetPriority                       0x08002c48   Section        0  stm32f4xx_hal_cortex.o(i.NVIC_SetPriority)
    NVIC_SetPriority                         0x08002c49   Thumb Code    32  stm32f4xx_hal_cortex.o(i.NVIC_SetPriority)
    i.PendSV_Handler                         0x08002c70   Section        0  stm32f4xx_it.o(i.PendSV_Handler)
    i.RTC_Alarm_IRQHandler                   0x08002c74   Section        0  rtc.o(i.RTC_Alarm_IRQHandler)
    i.RTC_Bcd2ToByte                         0x08002c84   Section        0  stm32f4xx_hal_rtc.o(i.RTC_Bcd2ToByte)
    i.RTC_ByteToBcd2                         0x08002c9a   Section        0  stm32f4xx_hal_rtc.o(i.RTC_ByteToBcd2)
    i.RTC_EnterInitMode                      0x08002cb4   Section        0  stm32f4xx_hal_rtc.o(i.RTC_EnterInitMode)
    i.RTC_Init                               0x08002cf4   Section        0  rtc.o(i.RTC_Init)
    i.RTC_Set_AlarmA                         0x08002d5c   Section        0  rtc.o(i.RTC_Set_AlarmA)
    i.RTC_Set_Date                           0x08002db4   Section        0  rtc.o(i.RTC_Set_Date)
    i.RTC_Set_Time                           0x08002de0   Section        0  rtc.o(i.RTC_Set_Time)
    i.RTC_Set_WakeUp                         0x08002e14   Section        0  rtc.o(i.RTC_Set_WakeUp)
    i.RTC_WKUP_IRQHandler                    0x08002e50   Section        0  rtc.o(i.RTC_WKUP_IRQHandler)
    i.SVC_Handler                            0x08002e60   Section        0  stm32f4xx_it.o(i.SVC_Handler)
    i.Stm32_Clock_Init                       0x08002e64   Section        0  sys.o(i.Stm32_Clock_Init)
    i.SysTick_Handler                        0x08002f40   Section        0  stm32f4xx_it.o(i.SysTick_Handler)
    i.SystemInit                             0x08002f48   Section        0  system_stm32f4xx.o(i.SystemInit)
    i.TIM3_IRQHandler                        0x08002fac   Section        0  timer.o(i.TIM3_IRQHandler)
    i.TIM3_Init                              0x08002fbc   Section        0  timer.o(i.TIM3_Init)
    i.TIM4_IRQHandler                        0x08002fe8   Section        0  usmart.o(i.TIM4_IRQHandler)
    i.TIM_Base_SetConfig                     0x0800302c   Section        0  stm32f4xx_hal_tim.o(i.TIM_Base_SetConfig)
    i.Timer4_Init                            0x080030dc   Section        0  usmart.o(i.Timer4_Init)
    i.UART_DMAAbortOnError                   0x0800313c   Section        0  stm32f4xx_hal_uart.o(i.UART_DMAAbortOnError)
    UART_DMAAbortOnError                     0x0800313d   Thumb Code    20  stm32f4xx_hal_uart.o(i.UART_DMAAbortOnError)
    i.UART_EndRxTransfer                     0x08003150   Section        0  stm32f4xx_hal_uart.o(i.UART_EndRxTransfer)
    UART_EndRxTransfer                       0x08003151   Thumb Code    32  stm32f4xx_hal_uart.o(i.UART_EndRxTransfer)
    i.UART_EndTransmit_IT                    0x08003170   Section        0  stm32f4xx_hal_uart.o(i.UART_EndTransmit_IT)
    UART_EndTransmit_IT                      0x08003171   Thumb Code    32  stm32f4xx_hal_uart.o(i.UART_EndTransmit_IT)
    i.UART_Receive_IT                        0x08003190   Section        0  stm32f4xx_hal_uart.o(i.UART_Receive_IT)
    UART_Receive_IT                          0x08003191   Thumb Code   154  stm32f4xx_hal_uart.o(i.UART_Receive_IT)
    i.UART_SetConfig                         0x0800322c   Section        0  stm32f4xx_hal_uart.o(i.UART_SetConfig)
    UART_SetConfig                           0x0800322d   Thumb Code   864  stm32f4xx_hal_uart.o(i.UART_SetConfig)
    i.UART_Transmit_IT                       0x08003594   Section        0  stm32f4xx_hal_uart.o(i.UART_Transmit_IT)
    UART_Transmit_IT                         0x08003595   Thumb Code   104  stm32f4xx_hal_uart.o(i.UART_Transmit_IT)
    i.USART1_IRQHandler                      0x080035fc   Section        0  usart.o(i.USART1_IRQHandler)
    i.UsageFault_Handler                     0x0800363c   Section        0  stm32f4xx_it.o(i.UsageFault_Handler)
    i._is_digit                              0x08003640   Section        0  __printf_wp.o(i._is_digit)
    i._sys_exit                              0x0800364e   Section        0  usart.o(i._sys_exit)
    i.delay_init                             0x08003654   Section        0  delay.o(i.delay_init)
    i.delay_ms                               0x08003668   Section        0  delay.o(i.delay_ms)
    i.delay_us                               0x08003680   Section        0  delay.o(i.delay_us)
    i.fputc                                  0x080036c8   Section        0  usart.o(i.fputc)
    i.main                                   0x080036e4   Section        0  main.o(i.main)
    i.read_addr                              0x08003e44   Section        0  usmart.o(i.read_addr)
    i.uart_init                              0x08003e4c   Section        0  usart.o(i.uart_init)
    i.usmart_cmd_rec                         0x08003e84   Section        0  usmart.o(i.usmart_cmd_rec)
    i.usmart_exe                             0x08003f34   Section        0  usmart.o(i.usmart_exe)
    i.usmart_get_aparm                       0x08004208   Section        0  usmart_str.o(i.usmart_get_aparm)
    i.usmart_get_cmdname                     0x080042dc   Section        0  usmart_str.o(i.usmart_get_cmdname)
    i.usmart_get_fname                       0x08004314   Section        0  usmart_str.o(i.usmart_get_fname)
    i.usmart_get_fparam                      0x080044d4   Section        0  usmart_str.o(i.usmart_get_fparam)
    i.usmart_get_parmpos                     0x080045e0   Section        0  usmart_str.o(i.usmart_get_parmpos)
    i.usmart_get_runtime                     0x08004600   Section        0  usmart.o(i.usmart_get_runtime)
    i.usmart_init                            0x08004644   Section        0  usmart.o(i.usmart_init)
    i.usmart_pow                             0x0800466c   Section        0  usmart_str.o(i.usmart_pow)
    i.usmart_reset_runtime                   0x08004684   Section        0  usmart.o(i.usmart_reset_runtime)
    i.usmart_scan                            0x080046b8   Section        0  usmart.o(i.usmart_scan)
    i.usmart_search_nextc                    0x08004774   Section        0  usmart_str.o(i.usmart_search_nextc)
    i.usmart_str2num                         0x0800478a   Section        0  usmart_str.o(i.usmart_str2num)
    i.usmart_strcmp                          0x08004890   Section        0  usmart_str.o(i.usmart_strcmp)
    i.usmart_strcopy                         0x080048b2   Section        0  usmart_str.o(i.usmart_strcopy)
    i.usmart_strlen                          0x080048c8   Section        0  usmart_str.o(i.usmart_strlen)
    i.usmart_sys_cmd_exe                     0x080048e0   Section        0  usmart.o(i.usmart_sys_cmd_exe)
    i.write_addr                             0x08004fd4   Section        0  usmart.o(i.write_addr)
    x$fpl$fpinit                             0x08004fd8   Section       10  fpinit.o(x$fpl$fpinit)
    $v0                                      0x08004fd8   Number         0  fpinit.o(x$fpl$fpinit)
    .constdata                               0x08004fe2   Section       24  system_stm32f4xx.o(.constdata)
    .constdata                               0x08004ffa   Section       40  _printf_hex_int.o(.constdata)
    uc_hextab                                0x08004ffa   Data          20  _printf_hex_int.o(.constdata)
    lc_hextab                                0x0800500e   Data          20  _printf_hex_int.o(.constdata)
    .constdata                               0x08005022   Section       17  __printf_flags_ss_wp.o(.constdata)
    maptable                                 0x08005022   Data          17  __printf_flags_ss_wp.o(.constdata)
    .conststring                             0x08005034   Section       40  usmart.o(.conststring)
    .conststring                             0x0800505c   Section      318  usmart_config.o(.conststring)
    .data                                    0x20000000   Section       62  main.o(.data)
    .data                                    0x20000040   Section        4  system_stm32f4xx.o(.data)
    .data                                    0x20000044   Section        1  key.o(.data)
    key_up                                   0x20000044   Data           1  key.o(.data)
    .data                                    0x20000048   Section        4  delay.o(.data)
    fac_us                                   0x20000048   Data           4  delay.o(.data)
    .data                                    0x2000004c   Section        7  usart.o(.data)
    .data                                    0x20000054   Section        9  stm32f4xx_hal.o(.data)
    .data                                    0x20000060   Section       28  usmart.o(.data)
    .data                                    0x2000007c   Section      316  usmart_config.o(.data)
    .bss                                     0x200001b8   Section       20  main.o(.bss)
    .bss                                     0x200001cc   Section       60  timer.o(.bss)
    .bss                                     0x20000208   Section       32  rtc.o(.bss)
    .bss                                     0x20000228   Section      264  usart.o(.bss)
    .bss                                     0x20000330   Section       60  usmart.o(.bss)
    .bss                                     0x2000036c   Section       96  libspace.o(.bss)
    HEAP                                     0x200003d0   Section      512  startup_stm32f411xe.o(HEAP)
    Heap_Mem                                 0x200003d0   Data         512  startup_stm32f411xe.o(HEAP)
    STACK                                    0x200005d0   Section     1024  startup_stm32f411xe.o(STACK)
    Stack_Mem                                0x200005d0   Data        1024  startup_stm32f411xe.o(STACK)
    __initial_sp                             0x200009d0   Data           0  startup_stm32f411xe.o(STACK)

    Global Symbols

    Symbol Name                              Value     Ov Type        Size  Object(Section)

    BuildAttributes$$THM_ISAv4$E$P$D$K$B$S$7EM$VFPi3$EXTD16$VFPS$VFMA$PE$A:L22UL41UL21$X:L11$S22US41US21$IEEE1$IW$USESV6$~STKCKD$USESV7$~SHL$OSPACE$ROPI$EBA8$UX$STANDARDLIB$REQ8$PRES8$EABIv2 0x00000000   Number         0  anon$$obj.o ABSOLUTE
    __ARM_use_no_argv                        0x00000000   Number         0  main.o ABSOLUTE
    _printf_flags                            0x00000000   Number         0  printf_stubs.o ABSOLUTE
    _printf_return_value                     0x00000000   Number         0  printf_stubs.o ABSOLUTE
    _printf_sizespec                         0x00000000   Number         0  printf_stubs.o ABSOLUTE
    _printf_widthprec                        0x00000000   Number         0  printf_stubs.o ABSOLUTE
    __ARM_exceptions_init                     - Undefined Weak Reference
    __alloca_initialize                       - Undefined Weak Reference
    __arm_preinit_                            - Undefined Weak Reference
    __cpp_initialize__aeabi_                  - Undefined Weak Reference
    __cxa_finalize                            - Undefined Weak Reference
    __rt_locale                               - Undefined Weak Reference
    __sigvec_lookup                           - Undefined Weak Reference
    _atexit_init                              - Undefined Weak Reference
    _call_atexit_fns                          - Undefined Weak Reference
    _clock_init                               - Undefined Weak Reference
    _fp_trap_init                             - Undefined Weak Reference
    _fp_trap_shutdown                         - Undefined Weak Reference
    _get_lc_collate                           - Undefined Weak Reference
    _get_lc_ctype                             - Undefined Weak Reference
    _get_lc_monetary                          - Undefined Weak Reference
    _get_lc_numeric                           - Undefined Weak Reference
    _get_lc_time                              - Undefined Weak Reference
    _getenv_init                              - Undefined Weak Reference
    _handle_redirection                       - Undefined Weak Reference
    _init_alloc                               - Undefined Weak Reference
    _init_user_alloc                          - Undefined Weak Reference
    _initio                                   - Undefined Weak Reference
    _mutex_acquire                            - Undefined Weak Reference
    _mutex_release                            - Undefined Weak Reference
    _printf_mbtowc                            - Undefined Weak Reference
    _printf_truncate_signed                   - Undefined Weak Reference
    _printf_truncate_unsigned                 - Undefined Weak Reference
    _rand_init                                - Undefined Weak Reference
    _signal_finish                            - Undefined Weak Reference
    _signal_init                              - Undefined Weak Reference
    _terminate_alloc                          - Undefined Weak Reference
    _terminate_user_alloc                     - Undefined Weak Reference
    _terminateio                              - Undefined Weak Reference
    __Vectors_Size                           0x00000198   Number         0  startup_stm32f411xe.o ABSOLUTE
    __Vectors                                0x08000000   Data           4  startup_stm32f411xe.o(RESET)
    __Vectors_End                            0x08000198   Data           0  startup_stm32f411xe.o(RESET)
    __main                                   0x08000199   Thumb Code     8  __main.o(!!!main)
    __scatterload                            0x080001a1   Thumb Code     0  __scatter.o(!!!scatter)
    __scatterload_rt2                        0x080001a1   Thumb Code    44  __scatter.o(!!!scatter)
    __scatterload_rt2_thumb_only             0x080001a1   Thumb Code     0  __scatter.o(!!!scatter)
    __scatterload_null                       0x080001af   Thumb Code     0  __scatter.o(!!!scatter)
    __decompress                             0x080001d5   Thumb Code    90  __dczerorl2.o(!!dczerorl2)
    __decompress1                            0x080001d5   Thumb Code     0  __dczerorl2.o(!!dczerorl2)
    __scatterload_zeroinit                   0x08000231   Thumb Code    28  __scatter_zi.o(!!handler_zi)
    _printf_d                                0x0800024d   Thumb Code     0  _printf_d.o(.ARM.Collect$$_printf_percent$$00000009)
    _printf_percent                          0x0800024d   Thumb Code     0  _printf_percent.o(.ARM.Collect$$_printf_percent$$00000000)
    _printf_u                                0x08000253   Thumb Code     0  _printf_u.o(.ARM.Collect$$_printf_percent$$0000000A)
    _printf_x                                0x08000259   Thumb Code     0  _printf_x.o(.ARM.Collect$$_printf_percent$$0000000C)
    _printf_c                                0x0800025f   Thumb Code     0  _printf_c.o(.ARM.Collect$$_printf_percent$$00000013)
    _printf_s                                0x08000265   Thumb Code     0  _printf_s.o(.ARM.Collect$$_printf_percent$$00000014)
    _printf_percent_end                      0x0800026b   Thumb Code     0  _printf_percent_end.o(.ARM.Collect$$_printf_percent$$00000017)
    __rt_lib_init                            0x0800026f   Thumb Code     0  libinit.o(.ARM.Collect$$libinit$$00000000)
    __rt_lib_init_fp_1                       0x08000271   Thumb Code     0  libinit2.o(.ARM.Collect$$libinit$$00000001)
    __rt_lib_init_alloca_1                   0x08000275   Thumb Code     0  libinit2.o(.ARM.Collect$$libinit$$0000002E)
    __rt_lib_init_argv_1                     0x08000275   Thumb Code     0  libinit2.o(.ARM.Collect$$libinit$$0000002C)
    __rt_lib_init_atexit_1                   0x08000275   Thumb Code     0  libinit2.o(.ARM.Collect$$libinit$$0000001B)
    __rt_lib_init_clock_1                    0x08000275   Thumb Code     0  libinit2.o(.ARM.Collect$$libinit$$00000021)
    __rt_lib_init_cpp_1                      0x08000275   Thumb Code     0  libinit2.o(.ARM.Collect$$libinit$$00000032)
    __rt_lib_init_exceptions_1               0x08000275   Thumb Code     0  libinit2.o(.ARM.Collect$$libinit$$00000030)
    __rt_lib_init_fp_trap_1                  0x08000275   Thumb Code     0  libinit2.o(.ARM.Collect$$libinit$$0000001F)
    __rt_lib_init_getenv_1                   0x08000275   Thumb Code     0  libinit2.o(.ARM.Collect$$libinit$$00000023)
    __rt_lib_init_heap_1                     0x08000275   Thumb Code     0  libinit2.o(.ARM.Collect$$libinit$$0000000A)
    __rt_lib_init_lc_collate_1               0x08000275   Thumb Code     0  libinit2.o(.ARM.Collect$$libinit$$00000011)
    __rt_lib_init_lc_ctype_1                 0x08000275   Thumb Code     0  libinit2.o(.ARM.Collect$$libinit$$00000013)
    __rt_lib_init_lc_monetary_1              0x08000275   Thumb Code     0  libinit2.o(.ARM.Collect$$libinit$$00000015)
    __rt_lib_init_lc_numeric_1               0x08000275   Thumb Code     0  libinit2.o(.ARM.Collect$$libinit$$00000017)
    __rt_lib_init_lc_time_1                  0x08000275   Thumb Code     0  libinit2.o(.ARM.Collect$$libinit$$00000019)
    __rt_lib_init_preinit_1                  0x08000275   Thumb Code     0  libinit2.o(.ARM.Collect$$libinit$$00000004)
    __rt_lib_init_rand_1                     0x08000275   Thumb Code     0  libinit2.o(.ARM.Collect$$libinit$$0000000E)
    __rt_lib_init_return                     0x08000275   Thumb Code     0  libinit2.o(.ARM.Collect$$libinit$$00000033)
    __rt_lib_init_signal_1                   0x08000275   Thumb Code     0  libinit2.o(.ARM.Collect$$libinit$$0000001D)
    __rt_lib_init_stdio_1                    0x08000275   Thumb Code     0  libinit2.o(.ARM.Collect$$libinit$$00000025)
    __rt_lib_init_user_alloc_1               0x08000275   Thumb Code     0  libinit2.o(.ARM.Collect$$libinit$$0000000C)
    __rt_lib_shutdown                        0x08000277   Thumb Code     0  libshutdown.o(.ARM.Collect$$libshutdown$$00000000)
    __rt_lib_shutdown_cpp_1                  0x08000279   Thumb Code     0  libshutdown2.o(.ARM.Collect$$libshutdown$$00000002)
    __rt_lib_shutdown_fp_trap_1              0x08000279   Thumb Code     0  libshutdown2.o(.ARM.Collect$$libshutdown$$00000007)
    __rt_lib_shutdown_heap_1                 0x08000279   Thumb Code     0  libshutdown2.o(.ARM.Collect$$libshutdown$$0000000F)
    __rt_lib_shutdown_return                 0x08000279   Thumb Code     0  libshutdown2.o(.ARM.Collect$$libshutdown$$00000010)
    __rt_lib_shutdown_signal_1               0x08000279   Thumb Code     0  libshutdown2.o(.ARM.Collect$$libshutdown$$0000000A)
    __rt_lib_shutdown_stdio_1                0x08000279   Thumb Code     0  libshutdown2.o(.ARM.Collect$$libshutdown$$00000004)
    __rt_lib_shutdown_user_alloc_1           0x08000279   Thumb Code     0  libshutdown2.o(.ARM.Collect$$libshutdown$$0000000C)
    __rt_entry                               0x0800027b   Thumb Code     0  __rtentry.o(.ARM.Collect$$rtentry$$00000000)
    __rt_entry_presh_1                       0x0800027b   Thumb Code     0  __rtentry2.o(.ARM.Collect$$rtentry$$00000002)
    __rt_entry_sh                            0x0800027b   Thumb Code     0  __rtentry4.o(.ARM.Collect$$rtentry$$00000004)
    __rt_entry_li                            0x08000281   Thumb Code     0  __rtentry2.o(.ARM.Collect$$rtentry$$0000000A)
    __rt_entry_postsh_1                      0x08000281   Thumb Code     0  __rtentry2.o(.ARM.Collect$$rtentry$$00000009)
    __rt_entry_main                          0x08000285   Thumb Code     0  __rtentry2.o(.ARM.Collect$$rtentry$$0000000D)
    __rt_entry_postli_1                      0x08000285   Thumb Code     0  __rtentry2.o(.ARM.Collect$$rtentry$$0000000C)
    __rt_exit                                0x0800028d   Thumb Code     0  rtexit.o(.ARM.Collect$$rtexit$$00000000)
    __rt_exit_ls                             0x0800028f   Thumb Code     0  rtexit2.o(.ARM.Collect$$rtexit$$00000003)
    __rt_exit_prels_1                        0x0800028f   Thumb Code     0  rtexit2.o(.ARM.Collect$$rtexit$$00000002)
    __rt_exit_exit                           0x08000293   Thumb Code     0  rtexit2.o(.ARM.Collect$$rtexit$$00000004)
    Reset_Handler                            0x08000299   Thumb Code     8  startup_stm32f411xe.o(.text)
    ADC_IRQHandler                           0x080002b3   Thumb Code     0  startup_stm32f411xe.o(.text)
    DMA1_Stream0_IRQHandler                  0x080002b3   Thumb Code     0  startup_stm32f411xe.o(.text)
    DMA1_Stream1_IRQHandler                  0x080002b3   Thumb Code     0  startup_stm32f411xe.o(.text)
    DMA1_Stream2_IRQHandler                  0x080002b3   Thumb Code     0  startup_stm32f411xe.o(.text)
    DMA1_Stream3_IRQHandler                  0x080002b3   Thumb Code     0  startup_stm32f411xe.o(.text)
    DMA1_Stream4_IRQHandler                  0x080002b3   Thumb Code     0  startup_stm32f411xe.o(.text)
    DMA1_Stream5_IRQHandler                  0x080002b3   Thumb Code     0  startup_stm32f411xe.o(.text)
    DMA1_Stream6_IRQHandler                  0x080002b3   Thumb Code     0  startup_stm32f411xe.o(.text)
    DMA1_Stream7_IRQHandler                  0x080002b3   Thumb Code     0  startup_stm32f411xe.o(.text)
    DMA2_Stream0_IRQHandler                  0x080002b3   Thumb Code     0  startup_stm32f411xe.o(.text)
    DMA2_Stream1_IRQHandler                  0x080002b3   Thumb Code     0  startup_stm32f411xe.o(.text)
    DMA2_Stream2_IRQHandler                  0x080002b3   Thumb Code     0  startup_stm32f411xe.o(.text)
    DMA2_Stream3_IRQHandler                  0x080002b3   Thumb Code     0  startup_stm32f411xe.o(.text)
    DMA2_Stream4_IRQHandler                  0x080002b3   Thumb Code     0  startup_stm32f411xe.o(.text)
    DMA2_Stream5_IRQHandler                  0x080002b3   Thumb Code     0  startup_stm32f411xe.o(.text)
    DMA2_Stream6_IRQHandler                  0x080002b3   Thumb Code     0  startup_stm32f411xe.o(.text)
    DMA2_Stream7_IRQHandler                  0x080002b3   Thumb Code     0  startup_stm32f411xe.o(.text)
    EXTI0_IRQHandler                         0x080002b3   Thumb Code     0  startup_stm32f411xe.o(.text)
    EXTI15_10_IRQHandler                     0x080002b3   Thumb Code     0  startup_stm32f411xe.o(.text)
    EXTI1_IRQHandler                         0x080002b3   Thumb Code     0  startup_stm32f411xe.o(.text)
    EXTI2_IRQHandler                         0x080002b3   Thumb Code     0  startup_stm32f411xe.o(.text)
    EXTI3_IRQHandler                         0x080002b3   Thumb Code     0  startup_stm32f411xe.o(.text)
    EXTI4_IRQHandler                         0x080002b3   Thumb Code     0  startup_stm32f411xe.o(.text)
    EXTI9_5_IRQHandler                       0x080002b3   Thumb Code     0  startup_stm32f411xe.o(.text)
    FLASH_IRQHandler                         0x080002b3   Thumb Code     0  startup_stm32f411xe.o(.text)
    FPU_IRQHandler                           0x080002b3   Thumb Code     0  startup_stm32f411xe.o(.text)
    I2C1_ER_IRQHandler                       0x080002b3   Thumb Code     0  startup_stm32f411xe.o(.text)
    I2C1_EV_IRQHandler                       0x080002b3   Thumb Code     0  startup_stm32f411xe.o(.text)
    I2C2_ER_IRQHandler                       0x080002b3   Thumb Code     0  startup_stm32f411xe.o(.text)
    I2C2_EV_IRQHandler                       0x080002b3   Thumb Code     0  startup_stm32f411xe.o(.text)
    I2C3_ER_IRQHandler                       0x080002b3   Thumb Code     0  startup_stm32f411xe.o(.text)
    I2C3_EV_IRQHandler                       0x080002b3   Thumb Code     0  startup_stm32f411xe.o(.text)
    OTG_FS_IRQHandler                        0x080002b3   Thumb Code     0  startup_stm32f411xe.o(.text)
    OTG_FS_WKUP_IRQHandler                   0x080002b3   Thumb Code     0  startup_stm32f411xe.o(.text)
    PVD_IRQHandler                           0x080002b3   Thumb Code     0  startup_stm32f411xe.o(.text)
    RCC_IRQHandler                           0x080002b3   Thumb Code     0  startup_stm32f411xe.o(.text)
    SDIO_IRQHandler                          0x080002b3   Thumb Code     0  startup_stm32f411xe.o(.text)
    SPI1_IRQHandler                          0x080002b3   Thumb Code     0  startup_stm32f411xe.o(.text)
    SPI2_IRQHandler                          0x080002b3   Thumb Code     0  startup_stm32f411xe.o(.text)
    SPI3_IRQHandler                          0x080002b3   Thumb Code     0  startup_stm32f411xe.o(.text)
    SPI4_IRQHandler                          0x080002b3   Thumb Code     0  startup_stm32f411xe.o(.text)
    SPI5_IRQHandler                          0x080002b3   Thumb Code     0  startup_stm32f411xe.o(.text)
    TAMP_STAMP_IRQHandler                    0x080002b3   Thumb Code     0  startup_stm32f411xe.o(.text)
    TIM1_BRK_TIM9_IRQHandler                 0x080002b3   Thumb Code     0  startup_stm32f411xe.o(.text)
    TIM1_CC_IRQHandler                       0x080002b3   Thumb Code     0  startup_stm32f411xe.o(.text)
    TIM1_TRG_COM_TIM11_IRQHandler            0x080002b3   Thumb Code     0  startup_stm32f411xe.o(.text)
    TIM1_UP_TIM10_IRQHandler                 0x080002b3   Thumb Code     0  startup_stm32f411xe.o(.text)
    TIM2_IRQHandler                          0x080002b3   Thumb Code     0  startup_stm32f411xe.o(.text)
    TIM5_IRQHandler                          0x080002b3   Thumb Code     0  startup_stm32f411xe.o(.text)
    USART2_IRQHandler                        0x080002b3   Thumb Code     0  startup_stm32f411xe.o(.text)
    USART6_IRQHandler                        0x080002b3   Thumb Code     0  startup_stm32f411xe.o(.text)
    WWDG_IRQHandler                          0x080002b3   Thumb Code     0  startup_stm32f411xe.o(.text)
    __user_initial_stackheap                 0x080002b5   Thumb Code     0  startup_stm32f411xe.o(.text)
    __use_no_semihosting                     0x080002d9   Thumb Code     2  use_no_semi_2.o(.text)
    __aeabi_uldivmod                         0x080002db   Thumb Code     0  lludivv7m.o(.text)
    _ll_udiv                                 0x080002db   Thumb Code   238  lludivv7m.o(.text)
    __2printf                                0x080003c9   Thumb Code    20  noretval__2printf.o(.text)
    _printf_pre_padding                      0x080003e1   Thumb Code    44  _printf_pad.o(.text)
    _printf_post_padding                     0x0800040d   Thumb Code    34  _printf_pad.o(.text)
    _printf_str                              0x0800042f   Thumb Code    82  _printf_str.o(.text)
    _printf_int_dec                          0x08000481   Thumb Code   104  _printf_dec.o(.text)
    _printf_int_hex                          0x080004f9   Thumb Code    84  _printf_hex_int.o(.text)
    _printf_longlong_hex                     0x080004f9   Thumb Code     0  _printf_hex_int.o(.text)
    __printf                                 0x08000551   Thumb Code   388  __printf_flags_ss_wp.o(.text)
    __use_two_region_memory                  0x080006d9   Thumb Code     2  heapauxi.o(.text)
    __rt_heap_escrow$2region                 0x080006db   Thumb Code     2  heapauxi.o(.text)
    __rt_heap_expand$2region                 0x080006dd   Thumb Code     2  heapauxi.o(.text)
    __I$use$semihosting                      0x080006df   Thumb Code     0  use_no_semi.o(.text)
    __use_no_semihosting_swi                 0x080006df   Thumb Code     2  use_no_semi.o(.text)
    _printf_int_common                       0x080006e1   Thumb Code   178  _printf_intcommon.o(.text)
    _printf_cs_common                        0x08000793   Thumb Code    20  _printf_char.o(.text)
    _printf_char                             0x080007a7   Thumb Code    16  _printf_char.o(.text)
    _printf_string                           0x080007b7   Thumb Code     8  _printf_char.o(.text)
    _printf_char_file                        0x080007c1   Thumb Code    32  _printf_char_file.o(.text)
    _printf_char_common                      0x080007ef   Thumb Code    32  _printf_char_common.o(.text)
    ferror                                   0x08000815   Thumb Code     8  ferror.o(.text)
    __user_setup_stackheap                   0x0800081d   Thumb Code    74  sys_stackheap_outer.o(.text)
    exit                                     0x08000867   Thumb Code    18  exit.o(.text)
    __user_libspace                          0x08000879   Thumb Code     8  libspace.o(.text)
    __user_perproc_libspace                  0x08000879   Thumb Code     0  libspace.o(.text)
    __user_perthread_libspace                0x08000879   Thumb Code     0  libspace.o(.text)
    BEEP_Init                                0x08000881   Thumb Code    72  beep.o(i.BEEP_Init)
    BusFault_Handler                         0x080008d1   Thumb Code     4  stm32f4xx_it.o(i.BusFault_Handler)
    DHT                                      0x080008d5   Thumb Code    10  rtc.o(i.DHT)
    DHT11_Check                              0x080008e9   Thumb Code    88  dht11.o(i.DHT11_Check)
    DHT11_Init                               0x08000949   Thumb Code    70  dht11.o(i.DHT11_Init)
    DHT11_Read_Bit                           0x08000999   Thumb Code    70  dht11.o(i.DHT11_Read_Bit)
    DHT11_Read_Byte                          0x080009e5   Thumb Code    30  dht11.o(i.DHT11_Read_Byte)
    DHT11_Read_Data                          0x08000a03   Thumb Code    88  dht11.o(i.DHT11_Read_Data)
    DHT11_Rst                                0x08000a5d   Thumb Code    52  dht11.o(i.DHT11_Rst)
    DebugMon_Handler                         0x08000a9d   Thumb Code     2  stm32f4xx_it.o(i.DebugMon_Handler)
    HAL_DMA_Abort_IT                         0x08000a9f   Thumb Code    40  stm32f4xx_hal_dma.o(i.HAL_DMA_Abort_IT)
    HAL_GPIO_Init                            0x08000ac9   Thumb Code   436  stm32f4xx_hal_gpio.o(i.HAL_GPIO_Init)
    HAL_GPIO_ReadPin                         0x08000c9d   Thumb Code    16  stm32f4xx_hal_gpio.o(i.HAL_GPIO_ReadPin)
    HAL_GPIO_WritePin                        0x08000cad   Thumb Code    12  stm32f4xx_hal_gpio.o(i.HAL_GPIO_WritePin)
    HAL_GetTick                              0x08000cb9   Thumb Code     6  stm32f4xx_hal.o(i.HAL_GetTick)
    HAL_IncTick                              0x08000cc5   Thumb Code    16  stm32f4xx_hal.o(i.HAL_IncTick)
    HAL_Init                                 0x08000cdd   Thumb Code    54  stm32f4xx_hal.o(i.HAL_Init)
    HAL_InitTick                             0x08000d19   Thumb Code    64  stm32f4xx_hal.o(i.HAL_InitTick)
    HAL_MspInit                              0x08000d65   Thumb Code     2  stm32f4xx_hal_msp.o(i.HAL_MspInit)
    HAL_NVIC_EnableIRQ                       0x08000d67   Thumb Code    26  stm32f4xx_hal_cortex.o(i.HAL_NVIC_EnableIRQ)
    HAL_NVIC_SetPriority                     0x08000d81   Thumb Code   124  stm32f4xx_hal_cortex.o(i.HAL_NVIC_SetPriority)
    HAL_NVIC_SetPriorityGrouping             0x08000dfd   Thumb Code    32  stm32f4xx_hal_cortex.o(i.HAL_NVIC_SetPriorityGrouping)
    HAL_PWR_EnableBkUpAccess                 0x08000e25   Thumb Code     8  stm32f4xx_hal_pwr.o(i.HAL_PWR_EnableBkUpAccess)
    HAL_RCCEx_PeriphCLKConfig                0x08000e31   Thumb Code   416  stm32f4xx_hal_rcc_ex.o(i.HAL_RCCEx_PeriphCLKConfig)
    HAL_RCC_ClockConfig                      0x08000fe9   Thumb Code   366  stm32f4xx_hal_rcc.o(i.HAL_RCC_ClockConfig)
    HAL_RCC_GetHCLKFreq                      0x08001169   Thumb Code     6  stm32f4xx_hal_rcc.o(i.HAL_RCC_GetHCLKFreq)
    HAL_RCC_GetPCLK1Freq                     0x08001175   Thumb Code    22  stm32f4xx_hal_rcc.o(i.HAL_RCC_GetPCLK1Freq)
    HAL_RCC_GetPCLK2Freq                     0x08001195   Thumb Code    22  stm32f4xx_hal_rcc.o(i.HAL_RCC_GetPCLK2Freq)
    HAL_RCC_GetSysClockFreq                  0x080011b5   Thumb Code   162  stm32f4xx_hal_rcc.o(i.HAL_RCC_GetSysClockFreq)
    HAL_RCC_OscConfig                        0x08001265   Thumb Code  1086  stm32f4xx_hal_rcc.o(i.HAL_RCC_OscConfig)
    HAL_RTCEx_AlarmBEventCallback            0x080016ad   Thumb Code     2  stm32f4xx_hal_rtc_ex.o(i.HAL_RTCEx_AlarmBEventCallback)
    HAL_RTCEx_BKUPRead                       0x080016af   Thumb Code    18  stm32f4xx_hal_rtc_ex.o(i.HAL_RTCEx_BKUPRead)
    HAL_RTCEx_BKUPWrite                      0x080016c1   Thumb Code    18  stm32f4xx_hal_rtc_ex.o(i.HAL_RTCEx_BKUPWrite)
    HAL_RTCEx_SetWakeUpTimer_IT              0x080016d5   Thumb Code   316  stm32f4xx_hal_rtc_ex.o(i.HAL_RTCEx_SetWakeUpTimer_IT)
    HAL_RTCEx_WakeUpTimerEventCallback       0x08001819   Thumb Code     2  rtc.o(i.HAL_RTCEx_WakeUpTimerEventCallback)
    HAL_RTCEx_WakeUpTimerIRQHandler          0x0800181d   Thumb Code    60  stm32f4xx_hal_rtc_ex.o(i.HAL_RTCEx_WakeUpTimerIRQHandler)
    HAL_RTC_AlarmAEventCallback              0x0800185d   Thumb Code    12  rtc.o(i.HAL_RTC_AlarmAEventCallback)
    HAL_RTC_AlarmIRQHandler                  0x08001875   Thumb Code   102  stm32f4xx_hal_rtc.o(i.HAL_RTC_AlarmIRQHandler)
    HAL_RTC_GetDate                          0x080018e1   Thumb Code    72  stm32f4xx_hal_rtc.o(i.HAL_RTC_GetDate)
    HAL_RTC_GetTime                          0x0800192d   Thumb Code    92  stm32f4xx_hal_rtc.o(i.HAL_RTC_GetTime)
    HAL_RTC_Init                             0x0800198d   Thumb Code   212  stm32f4xx_hal_rtc.o(i.HAL_RTC_Init)
    HAL_RTC_MspInit                          0x08001a65   Thumb Code    84  rtc.o(i.HAL_RTC_MspInit)
    HAL_RTC_SetAlarm_IT                      0x08001ac1   Thumb Code   540  stm32f4xx_hal_rtc.o(i.HAL_RTC_SetAlarm_IT)
    HAL_RTC_SetDate                          0x08001ce5   Thumb Code   254  stm32f4xx_hal_rtc.o(i.HAL_RTC_SetDate)
    HAL_RTC_SetTime                          0x08001de9   Thumb Code   304  stm32f4xx_hal_rtc.o(i.HAL_RTC_SetTime)
    HAL_RTC_WaitForSynchro                   0x08001f1d   Thumb Code    58  stm32f4xx_hal_rtc.o(i.HAL_RTC_WaitForSynchro)
    HAL_SYSTICK_CLKSourceConfig              0x08001f57   Thumb Code    40  stm32f4xx_hal_cortex.o(i.HAL_SYSTICK_CLKSourceConfig)
    HAL_SYSTICK_Config                       0x08001f7f   Thumb Code    52  stm32f4xx_hal_cortex.o(i.HAL_SYSTICK_Config)
    HAL_TIMEx_BreakCallback                  0x08001fb3   Thumb Code     2  stm32f4xx_hal_tim_ex.o(i.HAL_TIMEx_BreakCallback)
    HAL_TIMEx_CommutationCallback            0x08001fb5   Thumb Code     2  stm32f4xx_hal_tim_ex.o(i.HAL_TIMEx_CommutationCallback)
    HAL_TIM_Base_Init                        0x08001fb7   Thumb Code    52  stm32f4xx_hal_tim.o(i.HAL_TIM_Base_Init)
    HAL_TIM_Base_MspInit                     0x08001fed   Thumb Code    62  timer.o(i.HAL_TIM_Base_MspInit)
    HAL_TIM_Base_Start_IT                    0x08002035   Thumb Code    30  stm32f4xx_hal_tim.o(i.HAL_TIM_Base_Start_IT)
    HAL_TIM_IC_CaptureCallback               0x08002053   Thumb Code     2  stm32f4xx_hal_tim.o(i.HAL_TIM_IC_CaptureCallback)
    HAL_TIM_IRQHandler                       0x08002055   Thumb Code   406  stm32f4xx_hal_tim.o(i.HAL_TIM_IRQHandler)
    HAL_TIM_OC_DelayElapsedCallback          0x080021eb   Thumb Code     2  stm32f4xx_hal_tim.o(i.HAL_TIM_OC_DelayElapsedCallback)
    HAL_TIM_PWM_PulseFinishedCallback        0x080021ed   Thumb Code     2  stm32f4xx_hal_tim.o(i.HAL_TIM_PWM_PulseFinishedCallback)
    HAL_TIM_PeriodElapsedCallback            0x080021f1   Thumb Code   790  main.o(i.HAL_TIM_PeriodElapsedCallback)
    HAL_TIM_TriggerCallback                  0x080025a9   Thumb Code     2  stm32f4xx_hal_tim.o(i.HAL_TIM_TriggerCallback)
    HAL_UART_ErrorCallback                   0x080025ab   Thumb Code     2  stm32f4xx_hal_uart.o(i.HAL_UART_ErrorCallback)
    HAL_UART_GetState                        0x080025ad   Thumb Code    20  stm32f4xx_hal_uart.o(i.HAL_UART_GetState)
    HAL_UART_IRQHandler                      0x080025c1   Thumb Code   326  stm32f4xx_hal_uart.o(i.HAL_UART_IRQHandler)
    HAL_UART_Init                            0x0800270d   Thumb Code   114  stm32f4xx_hal_uart.o(i.HAL_UART_Init)
    HAL_UART_MspInit                         0x08002781   Thumb Code   144  usart.o(i.HAL_UART_MspInit)
    HAL_UART_Receive_IT                      0x0800281d   Thumb Code   100  stm32f4xx_hal_uart.o(i.HAL_UART_Receive_IT)
    HAL_UART_RxCpltCallback                  0x08002881   Thumb Code   120  usart.o(i.HAL_UART_RxCpltCallback)
    HAL_UART_TxCpltCallback                  0x08002909   Thumb Code     2  stm32f4xx_hal_uart.o(i.HAL_UART_TxCpltCallback)
    HardFault_Handler                        0x0800290b   Thumb Code     4  stm32f4xx_it.o(i.HardFault_Handler)
    KEY_Init                                 0x08002911   Thumb Code   162  key.o(i.KEY_Init)
    KEY_Scan                                 0x080029c5   Thumb Code   198  key.o(i.KEY_Scan)
    LED_Init                                 0x08002a9d   Thumb Code    72  led.o(i.LED_Init)
    LED_Refresh                              0x08002aed   Thumb Code    24  smg.o(i.LED_Refresh)
    LED_SMG_Init                             0x08002b0d   Thumb Code   172  smg.o(i.LED_SMG_Init)
    LED_Wei                                  0x08002bc5   Thumb Code    30  smg.o(i.LED_Wei)
    LED_Write_Data                           0x08002bed   Thumb Code    60  smg.o(i.LED_Write_Data)
    MemManage_Handler                        0x08002c31   Thumb Code     4  stm32f4xx_it.o(i.MemManage_Handler)
    NMI_Handler                              0x08002c35   Thumb Code     2  stm32f4xx_it.o(i.NMI_Handler)
    PendSV_Handler                           0x08002c71   Thumb Code     2  stm32f4xx_it.o(i.PendSV_Handler)
    RTC_Alarm_IRQHandler                     0x08002c75   Thumb Code    10  rtc.o(i.RTC_Alarm_IRQHandler)
    RTC_Bcd2ToByte                           0x08002c85   Thumb Code    22  stm32f4xx_hal_rtc.o(i.RTC_Bcd2ToByte)
    RTC_ByteToBcd2                           0x08002c9b   Thumb Code    26  stm32f4xx_hal_rtc.o(i.RTC_ByteToBcd2)
    RTC_EnterInitMode                        0x08002cb5   Thumb Code    62  stm32f4xx_hal_rtc.o(i.RTC_EnterInitMode)
    RTC_Init                                 0x08002cf5   Thumb Code    96  rtc.o(i.RTC_Init)
    RTC_Set_AlarmA                           0x08002d5d   Thumb Code    84  rtc.o(i.RTC_Set_AlarmA)
    RTC_Set_Date                             0x08002db5   Thumb Code    38  rtc.o(i.RTC_Set_Date)
    RTC_Set_Time                             0x08002de1   Thumb Code    48  rtc.o(i.RTC_Set_Time)
    RTC_Set_WakeUp                           0x08002e15   Thumb Code    54  rtc.o(i.RTC_Set_WakeUp)
    RTC_WKUP_IRQHandler                      0x08002e51   Thumb Code    10  rtc.o(i.RTC_WKUP_IRQHandler)
    SVC_Handler                              0x08002e61   Thumb Code     2  stm32f4xx_it.o(i.SVC_Handler)
    Stm32_Clock_Init                         0x08002e65   Thumb Code   210  sys.o(i.Stm32_Clock_Init)
    SysTick_Handler                          0x08002f41   Thumb Code     8  stm32f4xx_it.o(i.SysTick_Handler)
    SystemInit                               0x08002f49   Thumb Code    82  system_stm32f4xx.o(i.SystemInit)
    TIM3_IRQHandler                          0x08002fad   Thumb Code    10  timer.o(i.TIM3_IRQHandler)
    TIM3_Init                                0x08002fbd   Thumb Code    36  timer.o(i.TIM3_Init)
    TIM4_IRQHandler                          0x08002fe9   Thumb Code    58  usmart.o(i.TIM4_IRQHandler)
    TIM_Base_SetConfig                       0x0800302d   Thumb Code   148  stm32f4xx_hal_tim.o(i.TIM_Base_SetConfig)
    Timer4_Init                              0x080030dd   Thumb Code    84  usmart.o(i.Timer4_Init)
    USART1_IRQHandler                        0x080035fd   Thumb Code    56  usart.o(i.USART1_IRQHandler)
    UsageFault_Handler                       0x0800363d   Thumb Code     4  stm32f4xx_it.o(i.UsageFault_Handler)
    _is_digit                                0x08003641   Thumb Code    14  __printf_wp.o(i._is_digit)
    _sys_exit                                0x0800364f   Thumb Code     4  usart.o(i._sys_exit)
    delay_init                               0x08003655   Thumb Code    16  delay.o(i.delay_init)
    delay_ms                                 0x08003669   Thumb Code    24  delay.o(i.delay_ms)
    delay_us                                 0x08003681   Thumb Code    68  delay.o(i.delay_us)
    fputc                                    0x080036c9   Thumb Code    22  usart.o(i.fputc)
    main                                     0x080036e5   Thumb Code  1792  main.o(i.main)
    read_addr                                0x08003e45   Thumb Code     6  usmart.o(i.read_addr)
    uart_init                                0x08003e4d   Thumb Code    44  usart.o(i.uart_init)
    usmart_cmd_rec                           0x08003e85   Thumb Code   170  usmart.o(i.usmart_cmd_rec)
    usmart_exe                               0x08003f35   Thumb Code   632  usmart.o(i.usmart_exe)
    usmart_get_aparm                         0x08004209   Thumb Code   212  usmart_str.o(i.usmart_get_aparm)
    usmart_get_cmdname                       0x080042dd   Thumb Code    54  usmart_str.o(i.usmart_get_cmdname)
    usmart_get_fname                         0x08004315   Thumb Code   440  usmart_str.o(i.usmart_get_fname)
    usmart_get_fparam                        0x080044d5   Thumb Code   262  usmart_str.o(i.usmart_get_fparam)
    usmart_get_parmpos                       0x080045e1   Thumb Code    26  usmart_str.o(i.usmart_get_parmpos)
    usmart_get_runtime                       0x08004601   Thumb Code    58  usmart.o(i.usmart_get_runtime)
    usmart_init                              0x08004645   Thumb Code    36  usmart.o(i.usmart_init)
    usmart_pow                               0x0800466d   Thumb Code    22  usmart_str.o(i.usmart_pow)
    usmart_reset_runtime                     0x08004685   Thumb Code    44  usmart.o(i.usmart_reset_runtime)
    usmart_scan                              0x080046b9   Thumb Code   120  usmart.o(i.usmart_scan)
    usmart_search_nextc                      0x08004775   Thumb Code    22  usmart_str.o(i.usmart_search_nextc)
    usmart_str2num                           0x0800478b   Thumb Code   262  usmart_str.o(i.usmart_str2num)
    usmart_strcmp                            0x08004891   Thumb Code    34  usmart_str.o(i.usmart_strcmp)
    usmart_strcopy                           0x080048b3   Thumb Code    22  usmart_str.o(i.usmart_strcopy)
    usmart_strlen                            0x080048c9   Thumb Code    24  usmart_str.o(i.usmart_strlen)
    usmart_sys_cmd_exe                       0x080048e1   Thumb Code  1570  usmart.o(i.usmart_sys_cmd_exe)
    write_addr                               0x08004fd5   Thumb Code     4  usmart.o(i.write_addr)
    _fp_init                                 0x08004fd9   Thumb Code    10  fpinit.o(x$fpl$fpinit)
    __fplib_config_fpu_vfp                   0x08004fe1   Thumb Code     0  fpinit.o(x$fpl$fpinit)
    __fplib_config_pureend_doubles           0x08004fe1   Thumb Code     0  fpinit.o(x$fpl$fpinit)
    AHBPrescTable                            0x08004fe2   Data          16  system_stm32f4xx.o(.constdata)
    APBPrescTable                            0x08004ff2   Data           8  system_stm32f4xx.o(.constdata)
    Region$$Table$$Base                      0x0800519c   Number         0  anon$$obj.o(Region$$Table)
    Region$$Table$$Limit                     0x080051bc   Number         0  anon$$obj.o(Region$$Table)
    smg_num                                  0x20000000   Data          18  main.o(.data)
    RTC_DateStruct                           0x20000012   Data           4  main.o(.data)
    mode                                     0x20000018   Data           4  main.o(.data)
    c                                        0x2000001c   Data           4  main.o(.data)
    i                                        0x20000020   Data           4  main.o(.data)
    smg_wei2                                 0x20000024   Data           1  main.o(.data)
    num2                                     0x20000025   Data           1  main.o(.data)
    smg_wei1                                 0x20000026   Data           1  main.o(.data)
    num1                                     0x20000027   Data           1  main.o(.data)
    led_t                                    0x20000028   Data           2  main.o(.data)
    dht11_t                                  0x2000002a   Data           2  main.o(.data)
    temperature                              0x2000002c   Data           1  main.o(.data)
    humidity                                 0x2000002d   Data           1  main.o(.data)
    smg_wei                                  0x2000002e   Data           1  main.o(.data)
    num                                      0x2000002f   Data           1  main.o(.data)
    time                                     0x20000030   Data           1  main.o(.data)
    LEDT                                     0x20000031   Data           1  main.o(.data)
    LEDF                                     0x20000032   Data           1  main.o(.data)
    te                                       0x20000034   Data           4  main.o(.data)
    hu                                       0x20000038   Data           4  main.o(.data)
    print                                    0x2000003c   Data           2  main.o(.data)
    SystemCoreClock                          0x20000040   Data           4  system_stm32f4xx.o(.data)
    __stdout                                 0x2000004c   Data           4  usart.o(.data)
    USART_RX_STA                             0x20000050   Data           2  usart.o(.data)
    aRxBuffer                                0x20000052   Data           1  usart.o(.data)
    uwTick                                   0x20000054   Data           4  stm32f4xx_hal.o(.data)
    uwTickPrio                               0x20000058   Data           4  stm32f4xx_hal.o(.data)
    uwTickFreq                               0x2000005c   Data           1  stm32f4xx_hal.o(.data)
    sys_cmd_tab                              0x20000060   Data          28  usmart.o(.data)
    usmart_nametab                           0x2000007c   Data          72  usmart_config.o(.data)
    usmart_dev                               0x200000c4   Data         244  usmart_config.o(.data)
    RTC_TimeStruct                           0x200001b8   Data          20  main.o(.bss)
    TIM3_Handler                             0x200001cc   Data          60  timer.o(.bss)
    RTC_Handler                              0x20000208   Data          32  rtc.o(.bss)
    USART_RX_BUF                             0x20000228   Data         200  usart.o(.bss)
    UART1_Handler                            0x200002f0   Data          64  usart.o(.bss)
    TIM4_Handler                             0x20000330   Data          60  usmart.o(.bss)
    __libspace_start                         0x2000036c   Data          96  libspace.o(.bss)
    __temporary_stack_top$libspace           0x200003cc   Data           0  libspace.o(.bss)



==============================================================================

Memory Map of the image

  Image Entry point : 0x08000199

  Load Region LR_IROM1 (Base: 0x08000000, Size: 0x00005374, Max: 0x00040000, ABSOLUTE, COMPRESSED[0x0000524c])

    Execution Region ER_IROM1 (Base: 0x08000000, Size: 0x000051bc, Max: 0x00040000, ABSOLUTE)

    Base Addr    Size         Type   Attr      Idx    E Section Name        Object

    0x08000000   0x00000198   Data   RO         1161    RESET               startup_stm32f411xe.o
    0x08000198   0x00000008   Code   RO         4047  * !!!main             c_w.l(__main.o)
    0x080001a0   0x00000034   Code   RO         4229    !!!scatter          c_w.l(__scatter.o)
    0x080001d4   0x0000005a   Code   RO         4227    !!dczerorl2         c_w.l(__dczerorl2.o)
    0x0800022e   0x00000002   PAD
    0x08000230   0x0000001c   Code   RO         4231    !!handler_zi        c_w.l(__scatter_zi.o)
    0x0800024c   0x00000000   Code   RO         4044    .ARM.Collect$$_printf_percent$$00000000  c_w.l(_printf_percent.o)
    0x0800024c   0x00000006   Code   RO         4042    .ARM.Collect$$_printf_percent$$00000009  c_w.l(_printf_d.o)
    0x08000252   0x00000006   Code   RO         4043    .ARM.Collect$$_printf_percent$$0000000A  c_w.l(_printf_u.o)
    0x08000258   0x00000006   Code   RO         4041    .ARM.Collect$$_printf_percent$$0000000C  c_w.l(_printf_x.o)
    0x0800025e   0x00000006   Code   RO         4039    .ARM.Collect$$_printf_percent$$00000013  c_w.l(_printf_c.o)
    0x08000264   0x00000006   Code   RO         4040    .ARM.Collect$$_printf_percent$$00000014  c_w.l(_printf_s.o)
    0x0800026a   0x00000004   Code   RO         4062    .ARM.Collect$$_printf_percent$$00000017  c_w.l(_printf_percent_end.o)
    0x0800026e   0x00000002   Code   RO         4101    .ARM.Collect$$libinit$$00000000  c_w.l(libinit.o)
    0x08000270   0x00000004   Code   RO         4113    .ARM.Collect$$libinit$$00000001  c_w.l(libinit2.o)
    0x08000274   0x00000000   Code   RO         4116    .ARM.Collect$$libinit$$00000004  c_w.l(libinit2.o)
    0x08000274   0x00000000   Code   RO         4119    .ARM.Collect$$libinit$$0000000A  c_w.l(libinit2.o)
    0x08000274   0x00000000   Code   RO         4121    .ARM.Collect$$libinit$$0000000C  c_w.l(libinit2.o)
    0x08000274   0x00000000   Code   RO         4123    .ARM.Collect$$libinit$$0000000E  c_w.l(libinit2.o)
    0x08000274   0x00000000   Code   RO         4126    .ARM.Collect$$libinit$$00000011  c_w.l(libinit2.o)
    0x08000274   0x00000000   Code   RO         4128    .ARM.Collect$$libinit$$00000013  c_w.l(libinit2.o)
    0x08000274   0x00000000   Code   RO         4130    .ARM.Collect$$libinit$$00000015  c_w.l(libinit2.o)
    0x08000274   0x00000000   Code   RO         4132    .ARM.Collect$$libinit$$00000017  c_w.l(libinit2.o)
    0x08000274   0x00000000   Code   RO         4134    .ARM.Collect$$libinit$$00000019  c_w.l(libinit2.o)
    0x08000274   0x00000000   Code   RO         4136    .ARM.Collect$$libinit$$0000001B  c_w.l(libinit2.o)
    0x08000274   0x00000000   Code   RO         4138    .ARM.Collect$$libinit$$0000001D  c_w.l(libinit2.o)
    0x08000274   0x00000000   Code   RO         4140    .ARM.Collect$$libinit$$0000001F  c_w.l(libinit2.o)
    0x08000274   0x00000000   Code   RO         4142    .ARM.Collect$$libinit$$00000021  c_w.l(libinit2.o)
    0x08000274   0x00000000   Code   RO         4144    .ARM.Collect$$libinit$$00000023  c_w.l(libinit2.o)
    0x08000274   0x00000000   Code   RO         4146    .ARM.Collect$$libinit$$00000025  c_w.l(libinit2.o)
    0x08000274   0x00000000   Code   RO         4150    .ARM.Collect$$libinit$$0000002C  c_w.l(libinit2.o)
    0x08000274   0x00000000   Code   RO         4152    .ARM.Collect$$libinit$$0000002E  c_w.l(libinit2.o)
    0x08000274   0x00000000   Code   RO         4154    .ARM.Collect$$libinit$$00000030  c_w.l(libinit2.o)
    0x08000274   0x00000000   Code   RO         4156    .ARM.Collect$$libinit$$00000032  c_w.l(libinit2.o)
    0x08000274   0x00000002   Code   RO         4157    .ARM.Collect$$libinit$$00000033  c_w.l(libinit2.o)
    0x08000276   0x00000002   Code   RO         4183    .ARM.Collect$$libshutdown$$00000000  c_w.l(libshutdown.o)
    0x08000278   0x00000000   Code   RO         4210    .ARM.Collect$$libshutdown$$00000002  c_w.l(libshutdown2.o)
    0x08000278   0x00000000   Code   RO         4212    .ARM.Collect$$libshutdown$$00000004  c_w.l(libshutdown2.o)
    0x08000278   0x00000000   Code   RO         4215    .ARM.Collect$$libshutdown$$00000007  c_w.l(libshutdown2.o)
    0x08000278   0x00000000   Code   RO         4218    .ARM.Collect$$libshutdown$$0000000A  c_w.l(libshutdown2.o)
    0x08000278   0x00000000   Code   RO         4220    .ARM.Collect$$libshutdown$$0000000C  c_w.l(libshutdown2.o)
    0x08000278   0x00000000   Code   RO         4223    .ARM.Collect$$libshutdown$$0000000F  c_w.l(libshutdown2.o)
    0x08000278   0x00000002   Code   RO         4224    .ARM.Collect$$libshutdown$$00000010  c_w.l(libshutdown2.o)
    0x0800027a   0x00000000   Code   RO         4051    .ARM.Collect$$rtentry$$00000000  c_w.l(__rtentry.o)
    0x0800027a   0x00000000   Code   RO         4064    .ARM.Collect$$rtentry$$00000002  c_w.l(__rtentry2.o)
    0x0800027a   0x00000006   Code   RO         4076    .ARM.Collect$$rtentry$$00000004  c_w.l(__rtentry4.o)
    0x08000280   0x00000000   Code   RO         4066    .ARM.Collect$$rtentry$$00000009  c_w.l(__rtentry2.o)
    0x08000280   0x00000004   Code   RO         4067    .ARM.Collect$$rtentry$$0000000A  c_w.l(__rtentry2.o)
    0x08000284   0x00000000   Code   RO         4069    .ARM.Collect$$rtentry$$0000000C  c_w.l(__rtentry2.o)
    0x08000284   0x00000008   Code   RO         4070    .ARM.Collect$$rtentry$$0000000D  c_w.l(__rtentry2.o)
    0x0800028c   0x00000002   Code   RO         4105    .ARM.Collect$$rtexit$$00000000  c_w.l(rtexit.o)
    0x0800028e   0x00000000   Code   RO         4159    .ARM.Collect$$rtexit$$00000002  c_w.l(rtexit2.o)
    0x0800028e   0x00000004   Code   RO         4160    .ARM.Collect$$rtexit$$00000003  c_w.l(rtexit2.o)
    0x08000292   0x00000006   Code   RO         4161    .ARM.Collect$$rtexit$$00000004  c_w.l(rtexit2.o)
    0x08000298   0x00000040   Code   RO         1162    .text               startup_stm32f411xe.o
    0x080002d8   0x00000002   Code   RO         3982    .text               c_w.l(use_no_semi_2.o)
    0x080002da   0x000000ee   Code   RO         3984    .text               c_w.l(lludivv7m.o)
    0x080003c8   0x00000018   Code   RO         3988    .text               c_w.l(noretval__2printf.o)
    0x080003e0   0x0000004e   Code   RO         3992    .text               c_w.l(_printf_pad.o)
    0x0800042e   0x00000052   Code   RO         3994    .text               c_w.l(_printf_str.o)
    0x08000480   0x00000078   Code   RO         3996    .text               c_w.l(_printf_dec.o)
    0x080004f8   0x00000058   Code   RO         4001    .text               c_w.l(_printf_hex_int.o)
    0x08000550   0x00000188   Code   RO         4036    .text               c_w.l(__printf_flags_ss_wp.o)
    0x080006d8   0x00000006   Code   RO         4045    .text               c_w.l(heapauxi.o)
    0x080006de   0x00000002   Code   RO         4049    .text               c_w.l(use_no_semi.o)
    0x080006e0   0x000000b2   Code   RO         4056    .text               c_w.l(_printf_intcommon.o)
    0x08000792   0x0000002c   Code   RO         4058    .text               c_w.l(_printf_char.o)
    0x080007be   0x00000002   PAD
    0x080007c0   0x00000024   Code   RO         4060    .text               c_w.l(_printf_char_file.o)
    0x080007e4   0x00000030   Code   RO         4080    .text               c_w.l(_printf_char_common.o)
    0x08000814   0x00000008   Code   RO         4082    .text               c_w.l(ferror.o)
    0x0800081c   0x0000004a   Code   RO         4086    .text               c_w.l(sys_stackheap_outer.o)
    0x08000866   0x00000012   Code   RO         4090    .text               c_w.l(exit.o)
    0x08000878   0x00000008   Code   RO         4102    .text               c_w.l(libspace.o)
    0x08000880   0x00000050   Code   RO         1004    i.BEEP_Init         beep.o
    0x080008d0   0x00000004   Code   RO          518    i.BusFault_Handler  stm32f4xx_it.o
    0x080008d4   0x00000014   Code   RO          815    i.DHT               rtc.o
    0x080008e8   0x00000060   Code   RO          947    i.DHT11_Check       dht11.o
    0x08000948   0x00000050   Code   RO          948    i.DHT11_Init        dht11.o
    0x08000998   0x0000004c   Code   RO          949    i.DHT11_Read_Bit    dht11.o
    0x080009e4   0x0000001e   Code   RO          950    i.DHT11_Read_Byte   dht11.o
    0x08000a02   0x00000058   Code   RO          951    i.DHT11_Read_Data   dht11.o
    0x08000a5a   0x00000002   PAD
    0x08000a5c   0x00000040   Code   RO          952    i.DHT11_Rst         dht11.o
    0x08000a9c   0x00000002   Code   RO          519    i.DebugMon_Handler  stm32f4xx_it.o
    0x08000a9e   0x00000028   Code   RO         2429    i.HAL_DMA_Abort_IT  stm32f4xx_hal_dma.o
    0x08000ac6   0x00000002   PAD
    0x08000ac8   0x000001d4   Code   RO         1483    i.HAL_GPIO_Init     stm32f4xx_hal_gpio.o
    0x08000c9c   0x00000010   Code   RO         1485    i.HAL_GPIO_ReadPin  stm32f4xx_hal_gpio.o
    0x08000cac   0x0000000c   Code   RO         1487    i.HAL_GPIO_WritePin  stm32f4xx_hal_gpio.o
    0x08000cb8   0x0000000c   Code   RO         1182    i.HAL_GetTick       stm32f4xx_hal.o
    0x08000cc4   0x00000018   Code   RO         1186    i.HAL_IncTick       stm32f4xx_hal.o
    0x08000cdc   0x0000003c   Code   RO         1187    i.HAL_Init          stm32f4xx_hal.o
    0x08000d18   0x0000004c   Code   RO         1188    i.HAL_InitTick      stm32f4xx_hal.o
    0x08000d64   0x00000002   Code   RO          283    i.HAL_MspInit       stm32f4xx_hal_msp.o
    0x08000d66   0x0000001a   Code   RO         1345    i.HAL_NVIC_EnableIRQ  stm32f4xx_hal_cortex.o
    0x08000d80   0x0000007c   Code   RO         1351    i.HAL_NVIC_SetPriority  stm32f4xx_hal_cortex.o
    0x08000dfc   0x00000028   Code   RO         1352    i.HAL_NVIC_SetPriorityGrouping  stm32f4xx_hal_cortex.o
    0x08000e24   0x0000000c   Code   RO         1553    i.HAL_PWR_EnableBkUpAccess  stm32f4xx_hal_pwr.o
    0x08000e30   0x000001b8   Code   RO         1772    i.HAL_RCCEx_PeriphCLKConfig  stm32f4xx_hal_rcc_ex.o
    0x08000fe8   0x00000180   Code   RO         1667    i.HAL_RCC_ClockConfig  stm32f4xx_hal_rcc.o
    0x08001168   0x0000000c   Code   RO         1672    i.HAL_RCC_GetHCLKFreq  stm32f4xx_hal_rcc.o
    0x08001174   0x00000020   Code   RO         1674    i.HAL_RCC_GetPCLK1Freq  stm32f4xx_hal_rcc.o
    0x08001194   0x00000020   Code   RO         1675    i.HAL_RCC_GetPCLK2Freq  stm32f4xx_hal_rcc.o
    0x080011b4   0x000000b0   Code   RO         1676    i.HAL_RCC_GetSysClockFreq  stm32f4xx_hal_rcc.o
    0x08001264   0x00000448   Code   RO         1679    i.HAL_RCC_OscConfig  stm32f4xx_hal_rcc.o
    0x080016ac   0x00000002   Code   RO         3549    i.HAL_RTCEx_AlarmBEventCallback  stm32f4xx_hal_rtc_ex.o
    0x080016ae   0x00000012   Code   RO         3550    i.HAL_RTCEx_BKUPRead  stm32f4xx_hal_rtc_ex.o
    0x080016c0   0x00000012   Code   RO         3551    i.HAL_RTCEx_BKUPWrite  stm32f4xx_hal_rtc_ex.o
    0x080016d2   0x00000002   PAD
    0x080016d4   0x00000144   Code   RO         3577    i.HAL_RTCEx_SetWakeUpTimer_IT  stm32f4xx_hal_rtc_ex.o
    0x08001818   0x00000002   Code   RO          816    i.HAL_RTCEx_WakeUpTimerEventCallback  rtc.o
    0x0800181a   0x00000002   PAD
    0x0800181c   0x00000040   Code   RO         3583    i.HAL_RTCEx_WakeUpTimerIRQHandler  stm32f4xx_hal_rtc_ex.o
    0x0800185c   0x00000018   Code   RO          817    i.HAL_RTC_AlarmAEventCallback  rtc.o
    0x08001874   0x0000006c   Code   RO         3412    i.HAL_RTC_AlarmIRQHandler  stm32f4xx_hal_rtc.o
    0x080018e0   0x0000004c   Code   RO         3416    i.HAL_RTC_GetDate   stm32f4xx_hal_rtc.o
    0x0800192c   0x00000060   Code   RO         3418    i.HAL_RTC_GetTime   stm32f4xx_hal_rtc.o
    0x0800198c   0x000000d8   Code   RO         3419    i.HAL_RTC_Init      stm32f4xx_hal_rtc.o
    0x08001a64   0x0000005c   Code   RO          818    i.HAL_RTC_MspInit   rtc.o
    0x08001ac0   0x00000224   Code   RO         3424    i.HAL_RTC_SetAlarm_IT  stm32f4xx_hal_rtc.o
    0x08001ce4   0x00000104   Code   RO         3425    i.HAL_RTC_SetDate   stm32f4xx_hal_rtc.o
    0x08001de8   0x00000134   Code   RO         3426    i.HAL_RTC_SetTime   stm32f4xx_hal_rtc.o
    0x08001f1c   0x0000003a   Code   RO         3427    i.HAL_RTC_WaitForSynchro  stm32f4xx_hal_rtc.o
    0x08001f56   0x00000028   Code   RO         1354    i.HAL_SYSTICK_CLKSourceConfig  stm32f4xx_hal_cortex.o
    0x08001f7e   0x00000034   Code   RO         1356    i.HAL_SYSTICK_Config  stm32f4xx_hal_cortex.o
    0x08001fb2   0x00000002   Code   RO         3172    i.HAL_TIMEx_BreakCallback  stm32f4xx_hal_tim_ex.o
    0x08001fb4   0x00000002   Code   RO         3173    i.HAL_TIMEx_CommutationCallback  stm32f4xx_hal_tim_ex.o
    0x08001fb6   0x00000034   Code   RO         2533    i.HAL_TIM_Base_Init  stm32f4xx_hal_tim.o
    0x08001fea   0x00000002   PAD
    0x08001fec   0x00000048   Code   RO          724    i.HAL_TIM_Base_MspInit  timer.o
    0x08002034   0x0000001e   Code   RO         2538    i.HAL_TIM_Base_Start_IT  stm32f4xx_hal_tim.o
    0x08002052   0x00000002   Code   RO         2562    i.HAL_TIM_IC_CaptureCallback  stm32f4xx_hal_tim.o
    0x08002054   0x00000196   Code   RO         2575    i.HAL_TIM_IRQHandler  stm32f4xx_hal_tim.o
    0x080021ea   0x00000002   Code   RO         2578    i.HAL_TIM_OC_DelayElapsedCallback  stm32f4xx_hal_tim.o
    0x080021ec   0x00000002   Code   RO         2605    i.HAL_TIM_PWM_PulseFinishedCallback  stm32f4xx_hal_tim.o
    0x080021ee   0x00000002   PAD
    0x080021f0   0x000003b8   Code   RO            4    i.HAL_TIM_PeriodElapsedCallback  main.o
    0x080025a8   0x00000002   Code   RO         2616    i.HAL_TIM_TriggerCallback  stm32f4xx_hal_tim.o
    0x080025aa   0x00000002   Code   RO         1849    i.HAL_UART_ErrorCallback  stm32f4xx_hal_uart.o
    0x080025ac   0x00000014   Code   RO         1851    i.HAL_UART_GetState  stm32f4xx_hal_uart.o
    0x080025c0   0x0000014c   Code   RO         1852    i.HAL_UART_IRQHandler  stm32f4xx_hal_uart.o
    0x0800270c   0x00000072   Code   RO         1853    i.HAL_UART_Init     stm32f4xx_hal_uart.o
    0x0800277e   0x00000002   PAD
    0x08002780   0x0000009c   Code   RO         1097    i.HAL_UART_MspInit  usart.o
    0x0800281c   0x00000064   Code   RO         1858    i.HAL_UART_Receive_IT  stm32f4xx_hal_uart.o
    0x08002880   0x00000088   Code   RO         1098    i.HAL_UART_RxCpltCallback  usart.o
    0x08002908   0x00000002   Code   RO         1864    i.HAL_UART_TxCpltCallback  stm32f4xx_hal_uart.o
    0x0800290a   0x00000004   Code   RO          520    i.HardFault_Handler  stm32f4xx_it.o
    0x0800290e   0x00000002   PAD
    0x08002910   0x000000b4   Code   RO          913    i.KEY_Init          key.o
    0x080029c4   0x000000d8   Code   RO          914    i.KEY_Scan          key.o
    0x08002a9c   0x00000050   Code   RO          694    i.LED_Init          led.o
    0x08002aec   0x00000020   Code   RO          767    i.LED_Refresh       smg.o
    0x08002b0c   0x000000b8   Code   RO          768    i.LED_SMG_Init      smg.o
    0x08002bc4   0x00000028   Code   RO          769    i.LED_Wei           smg.o
    0x08002bec   0x00000044   Code   RO          770    i.LED_Write_Data    smg.o
    0x08002c30   0x00000004   Code   RO          521    i.MemManage_Handler  stm32f4xx_it.o
    0x08002c34   0x00000002   Code   RO          522    i.NMI_Handler       stm32f4xx_it.o
    0x08002c36   0x00000002   PAD
    0x08002c38   0x00000010   Code   RO         1358    i.NVIC_GetPriorityGrouping  stm32f4xx_hal_cortex.o
    0x08002c48   0x00000028   Code   RO         1359    i.NVIC_SetPriority  stm32f4xx_hal_cortex.o
    0x08002c70   0x00000002   Code   RO          523    i.PendSV_Handler    stm32f4xx_it.o
    0x08002c72   0x00000002   PAD
    0x08002c74   0x00000010   Code   RO          819    i.RTC_Alarm_IRQHandler  rtc.o
    0x08002c84   0x00000016   Code   RO         3428    i.RTC_Bcd2ToByte    stm32f4xx_hal_rtc.o
    0x08002c9a   0x0000001a   Code   RO         3429    i.RTC_ByteToBcd2    stm32f4xx_hal_rtc.o
    0x08002cb4   0x0000003e   Code   RO         3430    i.RTC_EnterInitMode  stm32f4xx_hal_rtc.o
    0x08002cf2   0x00000002   PAD
    0x08002cf4   0x00000068   Code   RO          820    i.RTC_Init          rtc.o
    0x08002d5c   0x00000058   Code   RO          821    i.RTC_Set_AlarmA    rtc.o
    0x08002db4   0x0000002c   Code   RO          822    i.RTC_Set_Date      rtc.o
    0x08002de0   0x00000034   Code   RO          823    i.RTC_Set_Time      rtc.o
    0x08002e14   0x0000003c   Code   RO          824    i.RTC_Set_WakeUp    rtc.o
    0x08002e50   0x00000010   Code   RO          825    i.RTC_WKUP_IRQHandler  rtc.o
    0x08002e60   0x00000002   Code   RO          524    i.SVC_Handler       stm32f4xx_it.o
    0x08002e62   0x00000002   PAD
    0x08002e64   0x000000dc   Code   RO         1070    i.Stm32_Clock_Init  sys.o
    0x08002f40   0x00000008   Code   RO          525    i.SysTick_Handler   stm32f4xx_it.o
    0x08002f48   0x00000064   Code   RO          597    i.SystemInit        system_stm32f4xx.o
    0x08002fac   0x00000010   Code   RO          725    i.TIM3_IRQHandler   timer.o
    0x08002fbc   0x0000002c   Code   RO          726    i.TIM3_Init         timer.o
    0x08002fe8   0x00000044   Code   RO         3777    i.TIM4_IRQHandler   usmart.o
    0x0800302c   0x000000b0   Code   RO         2617    i.TIM_Base_SetConfig  stm32f4xx_hal_tim.o
    0x080030dc   0x00000060   Code   RO         3778    i.Timer4_Init       usmart.o
    0x0800313c   0x00000014   Code   RO         1866    i.UART_DMAAbortOnError  stm32f4xx_hal_uart.o
    0x08003150   0x00000020   Code   RO         1876    i.UART_EndRxTransfer  stm32f4xx_hal_uart.o
    0x08003170   0x00000020   Code   RO         1877    i.UART_EndTransmit_IT  stm32f4xx_hal_uart.o
    0x08003190   0x0000009a   Code   RO         1879    i.UART_Receive_IT   stm32f4xx_hal_uart.o
    0x0800322a   0x00000002   PAD
    0x0800322c   0x00000368   Code   RO         1880    i.UART_SetConfig    stm32f4xx_hal_uart.o
    0x08003594   0x00000068   Code   RO         1881    i.UART_Transmit_IT  stm32f4xx_hal_uart.o
    0x080035fc   0x00000040   Code   RO         1099    i.USART1_IRQHandler  usart.o
    0x0800363c   0x00000004   Code   RO          526    i.UsageFault_Handler  stm32f4xx_it.o
    0x08003640   0x0000000e   Code   RO         4029    i._is_digit         c_w.l(__printf_wp.o)
    0x0800364e   0x00000004   Code   RO         1100    i._sys_exit         usart.o
    0x08003652   0x00000002   PAD
    0x08003654   0x00000014   Code   RO         1031    i.delay_init        delay.o
    0x08003668   0x00000018   Code   RO         1032    i.delay_ms          delay.o
    0x08003680   0x00000048   Code   RO         1033    i.delay_us          delay.o
    0x080036c8   0x0000001c   Code   RO         1101    i.fputc             usart.o
    0x080036e4   0x00000760   Code   RO            5    i.main              main.o
    0x08003e44   0x00000006   Code   RO         3779    i.read_addr         usmart.o
    0x08003e4a   0x00000002   PAD
    0x08003e4c   0x00000038   Code   RO         1102    i.uart_init         usart.o
    0x08003e84   0x000000b0   Code   RO         3780    i.usmart_cmd_rec    usmart.o
    0x08003f34   0x000002d4   Code   RO         3781    i.usmart_exe        usmart.o
    0x08004208   0x000000d4   Code   RO         3899    i.usmart_get_aparm  usmart_str.o
    0x080042dc   0x00000036   Code   RO         3900    i.usmart_get_cmdname  usmart_str.o
    0x08004312   0x00000002   PAD
    0x08004314   0x000001c0   Code   RO         3901    i.usmart_get_fname  usmart_str.o
    0x080044d4   0x0000010c   Code   RO         3902    i.usmart_get_fparam  usmart_str.o
    0x080045e0   0x00000020   Code   RO         3903    i.usmart_get_parmpos  usmart_str.o
    0x08004600   0x00000044   Code   RO         3782    i.usmart_get_runtime  usmart.o
    0x08004644   0x00000028   Code   RO         3783    i.usmart_init       usmart.o
    0x0800466c   0x00000016   Code   RO         3904    i.usmart_pow        usmart_str.o
    0x08004682   0x00000002   PAD
    0x08004684   0x00000034   Code   RO         3784    i.usmart_reset_runtime  usmart.o
    0x080046b8   0x000000bc   Code   RO         3785    i.usmart_scan       usmart.o
    0x08004774   0x00000016   Code   RO         3905    i.usmart_search_nextc  usmart_str.o
    0x0800478a   0x00000106   Code   RO         3906    i.usmart_str2num    usmart_str.o
    0x08004890   0x00000022   Code   RO         3907    i.usmart_strcmp     usmart_str.o
    0x080048b2   0x00000016   Code   RO         3908    i.usmart_strcopy    usmart_str.o
    0x080048c8   0x00000018   Code   RO         3909    i.usmart_strlen     usmart_str.o
    0x080048e0   0x000006f4   Code   RO         3786    i.usmart_sys_cmd_exe  usmart.o
    0x08004fd4   0x00000004   Code   RO         3787    i.write_addr        usmart.o
    0x08004fd8   0x0000000a   Code   RO         4171    x$fpl$fpinit        fz_wm.l(fpinit.o)
    0x08004fe2   0x00000018   Data   RO          598    .constdata          system_stm32f4xx.o
    0x08004ffa   0x00000028   Data   RO         4002    .constdata          c_w.l(_printf_hex_int.o)
    0x08005022   0x00000011   Data   RO         4037    .constdata          c_w.l(__printf_flags_ss_wp.o)
    0x08005033   0x00000001   PAD
    0x08005034   0x00000028   Data   RO         3789    .conststring        usmart.o
    0x0800505c   0x0000013e   Data   RO         3870    .conststring        usmart_config.o
    0x0800519a   0x00000002   PAD
    0x0800519c   0x00000020   Data   RO         4225    Region$$Table       anon$$obj.o


    Execution Region RW_IRAM1 (Base: 0x20000000, Size: 0x000009d0, Max: 0x00020000, ABSOLUTE, COMPRESSED[0x00000090])

    Base Addr    Size         Type   Attr      Idx    E Section Name        Object

    0x20000000   0x0000003e   Data   RW            7    .data               main.o
    0x2000003e   0x00000002   PAD
    0x20000040   0x00000004   Data   RW          599    .data               system_stm32f4xx.o
    0x20000044   0x00000001   Data   RW          915    .data               key.o
    0x20000045   0x00000003   PAD
    0x20000048   0x00000004   Data   RW         1034    .data               delay.o
    0x2000004c   0x00000007   Data   RW         1104    .data               usart.o
    0x20000053   0x00000001   PAD
    0x20000054   0x00000009   Data   RW         1194    .data               stm32f4xx_hal.o
    0x2000005d   0x00000003   PAD
    0x20000060   0x0000001c   Data   RW         3790    .data               usmart.o
    0x2000007c   0x0000013c   Data   RW         3871    .data               usmart_config.o
    0x200001b8   0x00000014   Zero   RW            6    .bss                main.o
    0x200001cc   0x0000003c   Zero   RW          727    .bss                timer.o
    0x20000208   0x00000020   Zero   RW          826    .bss                rtc.o
    0x20000228   0x00000108   Zero   RW         1103    .bss                usart.o
    0x20000330   0x0000003c   Zero   RW         3788    .bss                usmart.o
    0x2000036c   0x00000060   Zero   RW         4103    .bss                c_w.l(libspace.o)
    0x200003cc   0x00000004   PAD
    0x200003d0   0x00000200   Zero   RW         1160    HEAP                startup_stm32f411xe.o
    0x200005d0   0x00000400   Zero   RW         1159    STACK               startup_stm32f411xe.o


==============================================================================

Image component sizes


      Code (inc. data)   RO Data    RW Data    ZI Data      Debug   Object Name

        80          8          0          0          0        920   beep.o
       116          8          0          4          0       2047   delay.o
       434         36          0          0          0       4268   dht11.o
       396         36          0          1          0       1790   key.o
        80          8          0          0          0       2371   led.o
      2840        418          0         62         20     362386   main.o
       518         70          0          0         32       7689   rtc.o
       324         38          0          0          0       2708   smg.o
        64         26        408          0       1536        848   startup_stm32f411xe.o
       172         32          0          9          0       4085   stm32f4xx_hal.o
       338         22          0          0          0      31613   stm32f4xx_hal_cortex.o
        40          0          0          0          0       1187   stm32f4xx_hal_dma.o
       496         32          0          0          0       3075   stm32f4xx_hal_gpio.o
         2          0          0          0          0     429894   stm32f4xx_hal_msp.o
        12          4          0          0          0        571   stm32f4xx_hal_pwr.o
      1732         84          0          0          0       5724   stm32f4xx_hal_rcc.o
       440         24          0          0          0       1468   stm32f4xx_hal_rcc_ex.o
      1780         36          0          0          0       9466   stm32f4xx_hal_rtc.o
       426         12          0          0          0       4139   stm32f4xx_hal_rtc_ex.o
       672         28          0          0          0       5931   stm32f4xx_hal_tim.o
         4          0          0          0          0       1662   stm32f4xx_hal_tim_ex.o
      1784         14          0          0          0       9023   stm32f4xx_hal_uart.o
        32          0          0          0          0       4270   stm32f4xx_it.o
       220         10          0          0          0       1275   sys.o
       100         18         24          4          0       1167   system_stm32f4xx.o
       132         24          0          0         60       2376   timer.o
       444         54          0          7        264       5605   usart.o
      3202       1354         40         28         60       8211   usmart.o
         0          0        318        316          0       1608   usmart_config.o
      1400         20          0          0          0       9289   usmart_str.o

    ----------------------------------------------------------------------
     18314       2416        824        440       1972     926666   Object Totals
         0          0         32          0          0          0   (incl. Generated)
        34          0          2          9          0          0   (incl. Padding)

    ----------------------------------------------------------------------

      Code (inc. data)   RO Data    RW Data    ZI Data      Debug   Library Member Name

        90          0          0          0          0          0   __dczerorl2.o
         8          0          0          0          0         68   __main.o
       392          4         17          0          0         92   __printf_flags_ss_wp.o
        14          0          0          0          0         68   __printf_wp.o
         0          0          0          0          0          0   __rtentry.o
        12          0          0          0          0          0   __rtentry2.o
         6          0          0          0          0          0   __rtentry4.o
        52          8          0          0          0          0   __scatter.o
        28          0          0          0          0          0   __scatter_zi.o
         6          0          0          0          0          0   _printf_c.o
        44          0          0          0          0        108   _printf_char.o
        48          6          0          0          0         96   _printf_char_common.o
        36          4          0          0          0         80   _printf_char_file.o
         6          0          0          0          0          0   _printf_d.o
       120         16          0          0          0         92   _printf_dec.o
        88          4         40          0          0         88   _printf_hex_int.o
       178          0          0          0          0         88   _printf_intcommon.o
        78          0          0          0          0        108   _printf_pad.o
         0          0          0          0          0          0   _printf_percent.o
         4          0          0          0          0          0   _printf_percent_end.o
         6          0          0          0          0          0   _printf_s.o
        82          0          0          0          0         80   _printf_str.o
         6          0          0          0          0          0   _printf_u.o
         6          0          0          0          0          0   _printf_x.o
        18          0          0          0          0         80   exit.o
         8          0          0          0          0         68   ferror.o
         6          0          0          0          0        152   heapauxi.o
         2          0          0          0          0          0   libinit.o
         6          0          0          0          0          0   libinit2.o
         2          0          0          0          0          0   libshutdown.o
         2          0          0          0          0          0   libshutdown2.o
         8          4          0          0         96         68   libspace.o
       238          0          0          0          0        100   lludivv7m.o
        24          4          0          0          0         84   noretval__2printf.o
         2          0          0          0          0          0   rtexit.o
        10          0          0          0          0          0   rtexit2.o
        74          0          0          0          0         80   sys_stackheap_outer.o
         2          0          0          0          0         68   use_no_semi.o
         2          0          0          0          0         68   use_no_semi_2.o
        10          0          0          0          0        116   fpinit.o

    ----------------------------------------------------------------------
      1728         50         58          0        100       1852   Library Totals
         4          0          1          0          4          0   (incl. Padding)

    ----------------------------------------------------------------------

      Code (inc. data)   RO Data    RW Data    ZI Data      Debug   Library Name

      1714         50         57          0         96       1736   c_w.l
        10          0          0          0          0        116   fz_wm.l

    ----------------------------------------------------------------------
      1728         50         58          0        100       1852   Library Totals

    ----------------------------------------------------------------------

==============================================================================


      Code (inc. data)   RO Data    RW Data    ZI Data      Debug   

     20042       2466        882        440       2072     914886   Grand Totals
     20042       2466        882        144       2072     914886   ELF Image Totals (compressed)
     20042       2466        882        144          0          0   ROM Totals

==============================================================================

    Total RO  Size (Code + RO Data)                20924 (  20.43kB)
    Total RW  Size (RW Data + ZI Data)              2512 (   2.45kB)
    Total ROM Size (Code + RO Data + RW Data)      21068 (  20.57kB)

==============================================================================

